Archive member included to satisfy reference by file (symbol)

C:/ST/STM32CubeIDE_1.19.0/STM32CubeIDE/plugins/com.st.stm32cube.ide.mcu.externaltools.gnu-tools-for-stm32.13.3.rel1.win32_1.0.0.202411081344/tools/bin/../lib/gcc/arm-none-eabi/13.3.1/../../../../arm-none-eabi/lib/thumb/v7e-m+fp/hard\libc_nano.a(libc_a-exit.o)
                              C:/ST/STM32CubeIDE_1.19.0/STM32CubeIDE/plugins/com.st.stm32cube.ide.mcu.externaltools.gnu-tools-for-stm32.13.3.rel1.win32_1.0.0.202411081344/tools/bin/../lib/gcc/arm-none-eabi/13.3.1/../../../../arm-none-eabi/lib/thumb/v7e-m+fp/hard/crt0.o (exit)
C:/ST/STM32CubeIDE_1.19.0/STM32CubeIDE/plugins/com.st.stm32cube.ide.mcu.externaltools.gnu-tools-for-stm32.13.3.rel1.win32_1.0.0.202411081344/tools/bin/../lib/gcc/arm-none-eabi/13.3.1/../../../../arm-none-eabi/lib/thumb/v7e-m+fp/hard\libc_nano.a(libc_a-rand.o)
                              ./Core/Src/gameobjects.o (rand)
C:/ST/STM32CubeIDE_1.19.0/STM32CubeIDE/plugins/com.st.stm32cube.ide.mcu.externaltools.gnu-tools-for-stm32.13.3.rel1.win32_1.0.0.202411081344/tools/bin/../lib/gcc/arm-none-eabi/13.3.1/../../../../arm-none-eabi/lib/thumb/v7e-m+fp/hard\libc_nano.a(libc_a-findfp.o)
                              C:/ST/STM32CubeIDE_1.19.0/STM32CubeIDE/plugins/com.st.stm32cube.ide.mcu.externaltools.gnu-tools-for-stm32.13.3.rel1.win32_1.0.0.202411081344/tools/bin/../lib/gcc/arm-none-eabi/13.3.1/../../../../arm-none-eabi/lib/thumb/v7e-m+fp/hard\libc_nano.a(libc_a-exit.o) (__stdio_exit_handler)
C:/ST/STM32CubeIDE_1.19.0/STM32CubeIDE/plugins/com.st.stm32cube.ide.mcu.externaltools.gnu-tools-for-stm32.13.3.rel1.win32_1.0.0.202411081344/tools/bin/../lib/gcc/arm-none-eabi/13.3.1/../../../../arm-none-eabi/lib/thumb/v7e-m+fp/hard\libc_nano.a(libc_a-fwalk.o)
                              C:/ST/STM32CubeIDE_1.19.0/STM32CubeIDE/plugins/com.st.stm32cube.ide.mcu.externaltools.gnu-tools-for-stm32.13.3.rel1.win32_1.0.0.202411081344/tools/bin/../lib/gcc/arm-none-eabi/13.3.1/../../../../arm-none-eabi/lib/thumb/v7e-m+fp/hard\libc_nano.a(libc_a-findfp.o) (_fwalk_sglue)
C:/ST/STM32CubeIDE_1.19.0/STM32CubeIDE/plugins/com.st.stm32cube.ide.mcu.externaltools.gnu-tools-for-stm32.13.3.rel1.win32_1.0.0.202411081344/tools/bin/../lib/gcc/arm-none-eabi/13.3.1/../../../../arm-none-eabi/lib/thumb/v7e-m+fp/hard\libc_nano.a(libc_a-snprintf.o)
                              ./Drivers/OLED/ssd1306_tests.o (snprintf)
C:/ST/STM32CubeIDE_1.19.0/STM32CubeIDE/plugins/com.st.stm32cube.ide.mcu.externaltools.gnu-tools-for-stm32.13.3.rel1.win32_1.0.0.202411081344/tools/bin/../lib/gcc/arm-none-eabi/13.3.1/../../../../arm-none-eabi/lib/thumb/v7e-m+fp/hard\libc_nano.a(libc_a-sprintf.o)
                              ./Core/Src/freertos.o (sprintf)
C:/ST/STM32CubeIDE_1.19.0/STM32CubeIDE/plugins/com.st.stm32cube.ide.mcu.externaltools.gnu-tools-for-stm32.13.3.rel1.win32_1.0.0.202411081344/tools/bin/../lib/gcc/arm-none-eabi/13.3.1/../../../../arm-none-eabi/lib/thumb/v7e-m+fp/hard\libc_nano.a(libc_a-stdio.o)
                              C:/ST/STM32CubeIDE_1.19.0/STM32CubeIDE/plugins/com.st.stm32cube.ide.mcu.externaltools.gnu-tools-for-stm32.13.3.rel1.win32_1.0.0.202411081344/tools/bin/../lib/gcc/arm-none-eabi/13.3.1/../../../../arm-none-eabi/lib/thumb/v7e-m+fp/hard\libc_nano.a(libc_a-findfp.o) (__sread)
C:/ST/STM32CubeIDE_1.19.0/STM32CubeIDE/plugins/com.st.stm32cube.ide.mcu.externaltools.gnu-tools-for-stm32.13.3.rel1.win32_1.0.0.202411081344/tools/bin/../lib/gcc/arm-none-eabi/13.3.1/../../../../arm-none-eabi/lib/thumb/v7e-m+fp/hard\libc_nano.a(libc_a-memcmp.o)
                              ./Middlewares/Third_Party/SEGGER/OS/SEGGER_SYSVIEW_FreeRTOS.o (memcmp)
C:/ST/STM32CubeIDE_1.19.0/STM32CubeIDE/plugins/com.st.stm32cube.ide.mcu.externaltools.gnu-tools-for-stm32.13.3.rel1.win32_1.0.0.202411081344/tools/bin/../lib/gcc/arm-none-eabi/13.3.1/../../../../arm-none-eabi/lib/thumb/v7e-m+fp/hard\libc_nano.a(libc_a-memmove.o)
                              ./Drivers/OLED/ssd1306_tests.o (memmove)
C:/ST/STM32CubeIDE_1.19.0/STM32CubeIDE/plugins/com.st.stm32cube.ide.mcu.externaltools.gnu-tools-for-stm32.13.3.rel1.win32_1.0.0.202411081344/tools/bin/../lib/gcc/arm-none-eabi/13.3.1/../../../../arm-none-eabi/lib/thumb/v7e-m+fp/hard\libc_nano.a(libc_a-memset.o)
                              C:/ST/STM32CubeIDE_1.19.0/STM32CubeIDE/plugins/com.st.stm32cube.ide.mcu.externaltools.gnu-tools-for-stm32.13.3.rel1.win32_1.0.0.202411081344/tools/bin/../lib/gcc/arm-none-eabi/13.3.1/../../../../arm-none-eabi/lib/thumb/v7e-m+fp/hard/crt0.o (memset)
C:/ST/STM32CubeIDE_1.19.0/STM32CubeIDE/plugins/com.st.stm32cube.ide.mcu.externaltools.gnu-tools-for-stm32.13.3.rel1.win32_1.0.0.202411081344/tools/bin/../lib/gcc/arm-none-eabi/13.3.1/../../../../arm-none-eabi/lib/thumb/v7e-m+fp/hard\libc_nano.a(libc_a-closer.o)
[...]
Memory Configuration

Name             Origin             Length             Attributes
RAM              0x20000000         0x00018000         xrw
FLASH            0x08000000         0x00080000         xr
*default*        0x00000000         0xffffffff

Linker script and memory map

LOAD C:/ST/STM32CubeIDE_1.19.0/STM32CubeIDE/plugins/com.st.stm32cube.ide.mcu.externaltools.gnu-tools-for-stm32.13.3.rel1.win32_1.0.0.202411081344/tools/bin/../lib/gcc/arm-none-eabi/13.3.1/thumb/v7e-m+fp/hard/crti.o
LOAD C:/ST/STM32CubeIDE_1.19.0/STM32CubeIDE/plugins/com.st.stm32cube.ide.mcu.externaltools.gnu-tools-for-stm32.13.3.rel1.win32_1.0.0.202411081344/tools/bin/../lib/gcc/arm-none-eabi/13.3.1/thumb/v7e-m+fp/hard/crtbegin.o
LOAD C:/ST/STM32CubeIDE_1.19.0/STM32CubeIDE/plugins/com.st.stm32cube.ide.mcu.externaltools.gnu-tools-for-stm32.13.3.rel1.win32_1.0.0.202411081344/tools/bin/../lib/gcc/arm-none-eabi/13.3.1/../../../../arm-none-eabi/lib/thumb/v7e-m+fp/hard/crt0.o
LOAD ./Core/Src/adc.o
LOAD ./Core/Src/dma.o
LOAD ./Core/Src/freertos.o
LOAD ./Core/Src/gameobjects.o
LOAD ./Core/Src/gpio.o
LOAD ./Core/Src/i2c.o
LOAD ./Core/Src/joystick.o
LOAD ./Core/Src/main.o
LOAD ./Core/Src/stm32f4xx_hal_msp.o
LOAD ./Core/Src/stm32f4xx_it.o
LOAD ./Core/Src/syscalls.o
LOAD ./Core/Src/sysmem.o
LOAD ./Core/Src/system_stm32f4xx.o
LOAD ./Core/Src/usart.o
LOAD ./Core/Startup/startup_stm32f401retx.o
LOAD ./Drivers/OLED/ssd1306.o
LOAD ./Drivers/OLED/ssd1306_fonts.o
LOAD ./Drivers/OLED/ssd1306_tests.o
LOAD ./Drivers/STM32F4xx_HAL_Driver/Src/stm32f4xx_hal.o
LOAD ./Drivers/STM32F4xx_HAL_Driver/Src/stm32f4xx_hal_adc.o
LOAD ./Drivers/STM32F4xx_HAL_Driver/Src/stm32f4xx_hal_adc_ex.o
LOAD ./Drivers/STM32F4xx_HAL_Driver/Src/stm32f4xx_hal_cortex.o
LOAD ./Drivers/STM32F4xx_HAL_Driver/Src/stm32f4xx_hal_dma.o
LOAD ./Drivers/STM32F4xx_HAL_Driver/Src/stm32f4xx_hal_dma_ex.o
LOAD ./Drivers/STM32F4xx_HAL_Driver/Src/stm32f4xx_hal_exti.o
LOAD ./Drivers/STM32F4xx_HAL_Driver/Src/stm32f4xx_hal_flash.o
LOAD ./Drivers/STM32F4xx_HAL_Driver/Src/stm32f4xx_hal_flash_ex.o
LOAD ./Drivers/STM32F4xx_HAL_Driver/Src/stm32f4xx_hal_flash_ramfunc.o
LOAD ./Drivers/STM32F4xx_HAL_Driver/Src/stm32f4xx_hal_gpio.o
LOAD ./Drivers/STM32F4xx_HAL_Driver/Src/stm32f4xx_hal_i2c.o
LOAD ./Drivers/STM32F4xx_HAL_Driver/Src/stm32f4xx_hal_i2c_ex.o
LOAD ./Drivers/STM32F4xx_HAL_Driver/Src/stm32f4xx_hal_pwr.o
LOAD ./Drivers/STM32F4xx_HAL_Driver/Src/stm32f4xx_hal_pwr_ex.o
LOAD ./Drivers/STM32F4xx_HAL_Driver/Src/stm32f4xx_hal_rcc.o
LOAD ./Drivers/STM32F4xx_HAL_Driver/Src/stm32f4xx_hal_rcc_ex.o
LOAD ./Drivers/STM32F4xx_HAL_Driver/Src/stm32f4xx_hal_uart.o
LOAD ./Drivers/STM32F4xx_HAL_Driver/Src/stm32f4xx_ll_adc.o
LOAD ./Middlewares/Third_Party/FreeRTOS/Source/CMSIS_RTOS_V2/cmsis_os2.o
LOAD ./Middlewares/Third_Party/FreeRTOS/Source/croutine.o
LOAD ./Middlewares/Third_Party/FreeRTOS/Source/event_groups.o
LOAD ./Middlewares/Third_Party/FreeRTOS/Source/list.o
LOAD ./Middlewares/Third_Party/FreeRTOS/Source/queue.o
LOAD ./Middlewares/Third_Party/FreeRTOS/Source/stream_buffer.o
LOAD ./Middlewares/Third_Party/FreeRTOS/Source/tasks.o
LOAD ./Middlewares/Third_Party/FreeRTOS/Source/timers.o
LOAD ./Middlewares/Third_Party/FreeRTOS/Source/portable/GCC/ARM_CM4F/port.o
LOAD ./Middlewares/Third_Party/FreeRTOS/Source/portable/MemMang/heap_4.o
LOAD ./Middlewares/Third_Party/SEGGER/Config/SEGGER_SYSVIEW_Config_FreeRTOS.o
LOAD ./Middlewares/Third_Party/SEGGER/OS/SEGGER_SYSVIEW_FreeRTOS.o
LOAD ./Middlewares/Third_Party/SEGGER/Rec/HIF_UART.o
LOAD ./Middlewares/Third_Party/SEGGER/SEGGER/SEGGER_RTT.o
LOAD ./Middlewares/Third_Party/SEGGER/SEGGER/SEGGER_RTT_ASM_ARMv7M.o
LOAD ./Middlewares/Third_Party/SEGGER/SEGGER/SEGGER_RTT_printf.o
LOAD ./Middlewares/Third_Party/SEGGER/SEGGER/SEGGER_SYSVIEW.o
LOAD ./Middlewares/Third_Party/SEGGER/SEGGER/Syscalls/SEGGER_RTT_Syscalls_GCC.o
START GROUP
LOAD C:/ST/STM32CubeIDE_1.19.0/STM32CubeIDE/plugins/com.st.stm32cube.ide.mcu.externaltools.gnu-tools-for-stm32.13.3.rel1.win32_1.0.0.202411081344/tools/bin/../lib/gcc/arm-none-eabi/13.3.1/../../../../arm-none-eabi/lib/thumb/v7e-m+fp/hard\libc_nano.a
LOAD C:/ST/STM32CubeIDE_1.19.0/STM32CubeIDE/plugins/com.st.stm32cube.ide.mcu.externaltools.gnu-tools-for-stm32.13.3.rel1.win32_1.0.0.202411081344/tools/bin/../lib/gcc/arm-none-eabi/13.3.1/../../../../arm-none-eabi/lib/thumb/v7e-m+fp/hard\libm.a
END GROUP
START GROUP
LOAD C:/ST/STM32CubeIDE_1.19.0/STM32CubeIDE/plugins/com.st.stm32cube.ide.mcu.externaltools.gnu-tools-for-stm32.13.3.rel1.win32_1.0.0.202411081344/tools/bin/../lib/gcc/arm-none-eabi/13.3.1/thumb/v7e-m+fp/hard\libgcc.a
LOAD C:/ST/STM32CubeIDE_1.19.0/STM32CubeIDE/plugins/com.st.stm32cube.ide.mcu.externaltools.gnu-tools-for-stm32.13.3.rel1.win32_1.0.0.202411081344/tools/bin/../lib/gcc/arm-none-eabi/13.3.1/../../../../arm-none-eabi/lib/thumb/v7e-m+fp/hard\libc_nano.a
END GROUP
START GROUP
LOAD C:/ST/STM32CubeIDE_1.19.0/STM32CubeIDE/plugins/com.st.stm32cube.ide.mcu.externaltools.gnu-tools-for-stm32.13.3.rel1.win32_1.0.0.202411081344/tools/bin/../lib/gcc/arm-none-eabi/13.3.1/thumb/v7e-m+fp/hard\libgcc.a
LOAD C:/ST/STM32CubeIDE_1.19.0/STM32CubeIDE/plugins/com.st.stm32cube.ide.mcu.externaltools.gnu-tools-for-stm32.13.3.rel1.win32_1.0.0.202411081344/tools/bin/../lib/gcc/arm-none-eabi/13.3.1/../../../../arm-none-eabi/lib/thumb/v7e-m+fp/hard\libc_nano.a
LOAD C:/ST/STM32CubeIDE_1.19.0/STM32CubeIDE/plugins/com.st.stm32cube.ide.mcu.externaltools.gnu-tools-for-stm32.13.3.rel1.win32_1.0.0.202411081344/tools/bin/../lib/gcc/arm-none-eabi/13.3.1/../../../../arm-none-eabi/lib/thumb/v7e-m+fp/hard\libnosys.a
END GROUP
START GROUP
LOAD C:/ST/STM32CubeIDE_1.19.0/STM32CubeIDE/plugins/com.st.stm32cube.ide.mcu.externaltools.gnu-tools-for-stm32.13.3.rel1.win32_1.0.0.202411081344/tools/bin/../lib/gcc/arm-none-eabi/13.3.1/thumb/v7e-m+fp/hard\libgcc.a
LOAD C:/ST/STM32CubeIDE_1.19.0/STM32CubeIDE/plugins/com.st.stm32cube.ide.mcu.externaltools.gnu-tools-for-stm32.13.3.rel1.win32_1.0.0.202411081344/tools/bin/../lib/gcc/arm-none-eabi/13.3.1/../../../../arm-none-eabi/lib/thumb/v7e-m+fp/hard\libc_nano.a
LOAD C:/ST/STM32CubeIDE_1.19.0/STM32CubeIDE/plugins/com.st.stm32cube.ide.mcu.externaltools.gnu-tools-for-stm32.13.3.rel1.win32_1.0.0.202411081344/tools/bin/../lib/gcc/arm-none-eabi/13.3.1/../../../../arm-none-eabi/lib/thumb/v7e-m+fp/hard\libnosys.a
END GROUP
LOAD C:/ST/STM32CubeIDE_1.19.0/STM32CubeIDE/plugins/com.st.stm32cube.ide.mcu.externaltools.gnu-tools-for-stm32.13.3.rel1.win32_1.0.0.202411081344/tools/bin/../lib/gcc/arm-none-eabi/13.3.1/thumb/v7e-m+fp/hard/crtend.o
LOAD C:/ST/STM32CubeIDE_1.19.0/STM32CubeIDE/plugins/com.st.stm32cube.ide.mcu.externaltools.gnu-tools-for-stm32.13.3.rel1.win32_1.0.0.202411081344/tools/bin/../lib/gcc/arm-none-eabi/13.3.1/thumb/v7e-m+fp/hard/crtn.o
                0x20018000                        _estack = (ORIGIN (RAM) + LENGTH (RAM))
                0x00000200                        _Min_Heap_Size = 0x200
                0x00000400                        _Min_Stack_Size = 0x400

.isr_vector     0x08000000      0x194
                0x08000000                        . = ALIGN (0x4)
 *(.isr_vector)
 .isr_vector    0x08000000      0x194 ./Core/Startup/startup_stm32f401retx.o
                0x08000000                g_pfnVectors
                0x08000194                        . = ALIGN (0x4)

.text           0x080001a0     0xbc80
                0x080001a0                        . = ALIGN (0x4)
 *(.text)
 .text          0x080001a0       0x40 C:/ST/STM32CubeIDE_1.19.0/STM32CubeIDE/plugins/com.st.stm32cube.ide.mcu.externaltools.gnu-tools-for-stm32.13.3.rel1.win32_1.0.0.202411081344/tools/bin/../lib/gcc/arm-none-eabi/13.3.1/thumb/v7e-m+fp/hard/crtbegin.o
 .text          0x080001e0       0x94 ./Middlewares/Third_Party/SEGGER/SEGGER/SEGGER_RTT_ASM_ARMv7M.o
                0x080001e0                SEGGER_RTT_ASM_WriteSkipNoLock
 *fill*         0x08000274        0xc 
 .text          0x08000280       0xa0 C:/ST/STM32CubeIDE_1.19.0/STM32CubeIDE/plugins/com.st.stm32cube.ide.mcu.externaltools.gnu-tools-for-stm32.13.3.rel1.win32_1.0.0.202411081344/tools/bin/../lib/gcc/arm-none-eabi/13.3.1/../../../../arm-none-eabi/lib/thumb/v7e-m+fp/hard\libc_nano.a(libc_a-memchr.o)
                0x08000280                memchr
 .text          0x08000320       0x30 C:/ST/STM32CubeIDE_1.19.0/STM32CubeIDE/plugins/com.st.stm32cube.ide.mcu.externaltools.gnu-tools-for-stm32.13.3.rel1.win32_1.0.0.202411081344/tools/bin/../lib/gcc/arm-none-eabi/13.3.1/thumb/v7e-m+fp/hard\libgcc.a(_aeabi_uldivmod.o)
                0x08000320                __aeabi_uldivmod
 .text          0x08000350      0x2f8 C:/ST/STM32CubeIDE_1.19.0/STM32CubeIDE/plugins/com.st.stm32cube.ide.mcu.externaltools.gnu-tools-for-stm32.13.3.rel1.win32_1.0.0.202411081344/tools/bin/../lib/gcc/arm-none-eabi/13.3.1/thumb/v7e-m+fp/hard\libgcc.a(_udivmoddi4.o)
                0x08000350                __udivmoddi4
 .text          0x08000648        0x4 C:/ST/STM32CubeIDE_1.19.0/STM32CubeIDE/plugins/com.st.stm32cube.ide.mcu.externaltools.gnu-tools-for-stm32.13.3.rel1.win32_1.0.0.202411081344/tools/bin/../lib/gcc/arm-none-eabi/13.3.1/thumb/v7e-m+fp/hard\libgcc.a(_dvmd_tls.o)
                0x08000648                __aeabi_idiv0
                0x08000648                __aeabi_ldiv0
 *(.text*)
 .text.MX_ADC1_Init
                0x0800064c       0xbc ./Core/Src/adc.o
                0x0800064c                MX_ADC1_Init
 .text.HAL_ADC_MspInit
                0x08000708      0x100 ./Core/Src/adc.o
                0x08000708                HAL_ADC_MspInit
 .text.MX_DMA_Init
                0x08000808       0x40 ./Core/Src/dma.o
                0x08000808                MX_DMA_Init
 .text.MX_FREERTOS_Init
                0x08000848       0xa0 ./Core/Src/freertos.o
                0x08000848                MX_FREERTOS_Init
 .text.StartInputTask
                0x080008e8       0x84 ./Core/Src/freertos.o
                0x080008e8                StartInputTask
 .text.StartGameTask
                0x0800096c      0x244 ./Core/Src/freertos.o
                0x0800096c                StartGameTask
 .text.StartLedTask
                0x08000bb0       0x84 ./Core/Src/freertos.o
                0x08000bb0                StartLedTask
 .text.DrawRect
                0x08000c34       0x62 ./Core/Src/gameobjects.o
 *fill*         0x08000c96        0x2 
 .text.Object_Spawn
                0x08000c98       0x94 ./Core/Src/gameobjects.o
                0x08000c98                Object_Spawn
 .text.Game_Init
                0x08000d2c       0x36 ./Core/Src/gameobjects.o
                0x08000d2c                Game_Init
 .text.Basket_Update
                0x08000d62       0x74 ./Core/Src/gameobjects.o
                0x08000d62                Basket_Update
 .text.Object_Update
                0x08000dd6       0x3a ./Core/Src/gameobjects.o
                0x08000dd6                Object_Update
 .text.Check_Collision
                0x08000e10       0x68 ./Core/Src/gameobjects.o
                0x08000e10                Check_Collision
 .text.Game_Draw
                0x08000e78       0xae ./Core/Src/gameobjects.o
                0x08000e78                Game_Draw
 *fill*         0x08000f26        0x2 
 .text.MX_GPIO_Init
                0x08000f28       0xf8 ./Core/Src/gpio.o
                0x08000f28                MX_GPIO_Init
 .text.MX_I2C1_Init
                0x08001020       0x5c ./Core/Src/i2c.o
                0x08001020                MX_I2C1_Init
 .text.HAL_I2C_MspInit
                0x0800107c       0x90 ./Core/Src/i2c.o
                0x0800107c                HAL_I2C_MspInit
 .text.Joystick_Init
                0x0800110c        0xe ./Core/Src/joystick.o
                0x0800110c                Joystick_Init
 *fill*         0x0800111a        0x2 
 .text.Joystick_GetButton
                0x0800111c       0x18 ./Core/Src/joystick.o
                0x0800111c                Joystick_GetButton
 .text.__NVIC_SetPriorityGrouping
                0x08001134       0x48 ./Core/Src/main.o
 .text.main     0x0800117c       0x78 ./Core/Src/main.o
                0x0800117c                main
 .text.SystemClock_Config
                0x080011f4       0xd8 ./Core/Src/main.o
                0x080011f4                SystemClock_Config
 .text.Error_Handler
                0x080012cc        0xc ./Core/Src/main.o
                0x080012cc                Error_Handler
 .text.HAL_MspInit
                0x080012d8       0x58 ./Core/Src/stm32f4xx_hal_msp.o
                0x080012d8                HAL_MspInit
 .text.NMI_Handler
                0x08001330        0x8 ./Core/Src/stm32f4xx_it.o
                0x08001330                NMI_Handler
 .text.HardFault_Handler
                0x08001338        0x8 ./Core/Src/stm32f4xx_it.o
                0x08001338                HardFault_Handler
 .text.MemManage_Handler
                0x08001340        0x8 ./Core/Src/stm32f4xx_it.o
                0x08001340                MemManage_Handler
 .text.BusFault_Handler
                0x08001348        0x8 ./Core/Src/stm32f4xx_it.o
                0x08001348                BusFault_Handler
 .text.UsageFault_Handler
                0x08001350        0x8 ./Core/Src/stm32f4xx_it.o
                0x08001350                UsageFault_Handler
 .text.DebugMon_Handler
                0x08001358        0xe ./Core/Src/stm32f4xx_it.o
                0x08001358                DebugMon_Handler
 .text.SysTick_Handler
                0x08001366       0x1a ./Core/Src/stm32f4xx_it.o
                0x08001366                SysTick_Handler
 .text.ADC_IRQHandler
                0x08001380       0x14 ./Core/Src/stm32f4xx_it.o
                0x08001380                ADC_IRQHandler
 .text.DMA2_Stream0_IRQHandler
                0x08001394       0x14 ./Core/Src/stm32f4xx_it.o
                0x08001394                DMA2_Stream0_IRQHandler
 .text._getpid  0x080013a8       0x10 ./Core/Src/syscalls.o
                0x080013a8                _getpid
 .text._kill    0x080013b8       0x20 ./Core/Src/syscalls.o
                0x080013b8                _kill
 .text._exit    0x080013d8       0x16 ./Core/Src/syscalls.o
                0x080013d8                _exit
 .text._read    0x080013ee       0x3a ./Core/Src/syscalls.o
                0x080013ee                _read
 .text._close   0x08001428       0x18 ./Core/Src/syscalls.o
                0x08001428                _close
 .text._fstat   0x08001440       0x20 ./Core/Src/syscalls.o
                0x08001440                _fstat
 .text._isatty  0x08001460       0x16 ./Core/Src/syscalls.o
                0x08001460                _isatty
 .text._lseek   0x08001476       0x1a ./Core/Src/syscalls.o
                0x08001476                _lseek
 .text._sbrk    0x08001490       0x6c ./Core/Src/sysmem.o
                0x08001490                _sbrk
 .text.SystemInit
                0x080014fc       0x24 ./Core/Src/system_stm32f4xx.o
                0x080014fc                SystemInit
 .text.MX_USART2_UART_Init
                0x08001520       0x54 ./Core/Src/usart.o
                0x08001520                MX_USART2_UART_Init
 .text.HAL_UART_MspInit
                0x08001574       0x90 ./Core/Src/usart.o
                0x08001574                HAL_UART_MspInit
 .text.Reset_Handler
                0x08001604       0x50 ./Core/Startup/startup_stm32f401retx.o
                0x08001604                Reset_Handler
 .text.Default_Handler
                0x08001654        0x2 ./Core/Startup/startup_stm32f401retx.o
                0x08001654                RTC_Alarm_IRQHandler
                0x08001654                EXTI2_IRQHandler
                0x08001654                SPI4_IRQHandler
                0x08001654                TIM1_CC_IRQHandler
                0x08001654                DMA2_Stream5_IRQHandler
                0x08001654                DMA1_Stream5_IRQHandler
                0x08001654                PVD_IRQHandler
                0x08001654                SDIO_IRQHandler
                0x08001654                TAMP_STAMP_IRQHandler
                0x08001654                EXTI3_IRQHandler
                0x08001654                TIM1_UP_TIM10_IRQHandler
                0x08001654                I2C3_ER_IRQHandler
                0x08001654                EXTI0_IRQHandler
                0x08001654                I2C2_EV_IRQHandler
                0x08001654                DMA1_Stream2_IRQHandler
                0x08001654                FPU_IRQHandler
                0x08001654                DMA2_Stream2_IRQHandler
                0x08001654                SPI1_IRQHandler
                0x08001654                TIM1_BRK_TIM9_IRQHandler
                0x08001654                DMA2_Stream3_IRQHandler
                0x08001654                USART6_IRQHandler
                0x08001654                TIM4_IRQHandler
                0x08001654                I2C1_EV_IRQHandler
                0x08001654                DMA1_Stream6_IRQHandler
                0x08001654                DMA1_Stream1_IRQHandler
                0x08001654                TIM3_IRQHandler
                0x08001654                RCC_IRQHandler
                0x08001654                Default_Handler
                0x08001654                EXTI15_10_IRQHandler
                0x08001654                DMA1_Stream7_IRQHandler
                0x08001654                TIM5_IRQHandler
                0x08001654                DMA2_Stream7_IRQHandler
                0x08001654                I2C3_EV_IRQHandler
                0x08001654                EXTI9_5_IRQHandler
                0x08001654                RTC_WKUP_IRQHandler
                0x08001654                SPI2_IRQHandler
                0x08001654                DMA1_Stream0_IRQHandler
                0x08001654                EXTI4_IRQHandler
                0x08001654                WWDG_IRQHandler
                0x08001654                TIM2_IRQHandler
                0x08001654                OTG_FS_WKUP_IRQHandler
                0x08001654                TIM1_TRG_COM_TIM11_IRQHandler
                0x08001654                EXTI1_IRQHandler
                0x08001654                I2C2_ER_IRQHandler
                0x08001654                DMA2_Stream1_IRQHandler
                0x08001654                FLASH_IRQHandler
                0x08001654                DMA2_Stream4_IRQHandler
                0x08001654                USART1_IRQHandler
                0x08001654                OTG_FS_IRQHandler
                0x08001654                SPI3_IRQHandler
                0x08001654                DMA1_Stream4_IRQHandler
                0x08001654                I2C1_ER_IRQHandler
                0x08001654                DMA2_Stream6_IRQHandler
                0x08001654                DMA1_Stream3_IRQHandler
 .text.ssd1306_Reset
                0x08001656        0xe ./Drivers/OLED/ssd1306.o
                0x08001656                ssd1306_Reset
 .text.ssd1306_WriteCommand
                0x08001664       0x30 ./Drivers/OLED/ssd1306.o
                0x08001664                ssd1306_WriteCommand
 .text.ssd1306_WriteData
                0x08001694       0x34 ./Drivers/OLED/ssd1306.o
                0x08001694                ssd1306_WriteData
 .text.ssd1306_Init
                0x080016c8       0xd4 ./Drivers/OLED/ssd1306.o
                0x080016c8                ssd1306_Init
 .text.ssd1306_Fill
                0x0800179c       0x30 ./Drivers/OLED/ssd1306.o
                0x0800179c                ssd1306_Fill
 .text.ssd1306_UpdateScreen
                0x080017cc       0x50 ./Drivers/OLED/ssd1306.o
                0x080017cc                ssd1306_UpdateScreen
 .text.ssd1306_DrawPixel
                0x0800181c       0xa8 ./Drivers/OLED/ssd1306.o
                0x0800181c                ssd1306_DrawPixel
 .text.ssd1306_WriteChar
                0x080018c4      0x124 ./Drivers/OLED/ssd1306.o
                0x080018c4                ssd1306_WriteChar
 .text.ssd1306_WriteString
                0x080019e8       0x4c ./Drivers/OLED/ssd1306.o
                0x080019e8                ssd1306_WriteString
 .text.ssd1306_SetCursor
                0x08001a34       0x30 ./Drivers/OLED/ssd1306.o
                0x08001a34                ssd1306_SetCursor
 .text.ssd1306_SetContrast
                0x08001a64       0x26 ./Drivers/OLED/ssd1306.o
                0x08001a64                ssd1306_SetContrast
 *fill*         0x08001a8a        0x2 
 .text.ssd1306_SetDisplayOn
                0x08001a8c       0x3c ./Drivers/OLED/ssd1306.o
                0x08001a8c                ssd1306_SetDisplayOn
 .text.HAL_Init
                0x08001ac8       0x44 ./Drivers/STM32F4xx_HAL_Driver/Src/stm32f4xx_hal.o
                0x08001ac8                HAL_Init
 .text.HAL_InitTick
                0x08001b0c       0x60 ./Drivers/STM32F4xx_HAL_Driver/Src/stm32f4xx_hal.o
                0x08001b0c                HAL_InitTick
 .text.HAL_IncTick
                0x08001b6c       0x28 ./Drivers/STM32F4xx_HAL_Driver/Src/stm32f4xx_hal.o
                0x08001b6c                HAL_IncTick
 .text.HAL_GetTick
                0x08001b94       0x18 ./Drivers/STM32F4xx_HAL_Driver/Src/stm32f4xx_hal.o
                0x08001b94                HAL_GetTick
 .text.HAL_Delay
                0x08001bac       0x48 ./Drivers/STM32F4xx_HAL_Driver/Src/stm32f4xx_hal.o
                0x08001bac                HAL_Delay
 .text.HAL_ADC_Init
                0x08001bf4       0x86 ./Drivers/STM32F4xx_HAL_Driver/Src/stm32f4xx_hal_adc.o
                0x08001bf4                HAL_ADC_Init
 .text.HAL_ADC_IRQHandler
                0x08001c7a      0x220 ./Drivers/STM32F4xx_HAL_Driver/Src/stm32f4xx_hal_adc.o
                0x08001c7a                HAL_ADC_IRQHandler
 *fill*         0x08001e9a        0x2 
 .text.HAL_ADC_Start_DMA
                0x08001e9c      0x1e8 ./Drivers/STM32F4xx_HAL_Driver/Src/stm32f4xx_hal_adc.o
                0x08001e9c                HAL_ADC_Start_DMA
 .text.HAL_ADC_ConvCpltCallback
                0x08002084       0x14 ./Drivers/STM32F4xx_HAL_Driver/Src/stm32f4xx_hal_adc.o
                0x08002084                HAL_ADC_ConvCpltCallback
 .text.HAL_ADC_ConvHalfCpltCallback
                0x08002098       0x14 ./Drivers/STM32F4xx_HAL_Driver/Src/stm32f4xx_hal_adc.o
                0x08002098                HAL_ADC_ConvHalfCpltCallback
 .text.HAL_ADC_LevelOutOfWindowCallback
                0x080020ac       0x14 ./Drivers/STM32F4xx_HAL_Driver/Src/stm32f4xx_hal_adc.o
                0x080020ac                HAL_ADC_LevelOutOfWindowCallback
 .text.HAL_ADC_ErrorCallback
                0x080020c0       0x14 ./Drivers/STM32F4xx_HAL_Driver/Src/stm32f4xx_hal_adc.o
                0x080020c0                HAL_ADC_ErrorCallback
 .text.HAL_ADC_ConfigChannel
                0x080020d4      0x244 ./Drivers/STM32F4xx_HAL_Driver/Src/stm32f4xx_hal_adc.o
                0x080020d4                HAL_ADC_ConfigChannel
 .text.ADC_Init
                0x08002318      0x1f8 ./Drivers/STM32F4xx_HAL_Driver/Src/stm32f4xx_hal_adc.o
 .text.ADC_DMAConvCplt
                0x08002510       0xba ./Drivers/STM32F4xx_HAL_Driver/Src/stm32f4xx_hal_adc.o
 .text.ADC_DMAHalfConvCplt
                0x080025ca       0x1c ./Drivers/STM32F4xx_HAL_Driver/Src/stm32f4xx_hal_adc.o
 .text.ADC_DMAError
                0x080025e6       0x2e ./Drivers/STM32F4xx_HAL_Driver/Src/stm32f4xx_hal_adc.o
 .text.HAL_ADCEx_InjectedConvCpltCallback
                0x08002614       0x14 ./Drivers/STM32F4xx_HAL_Driver/Src/stm32f4xx_hal_adc_ex.o
                0x08002614                HAL_ADCEx_InjectedConvCpltCallback
 .text.__NVIC_SetPriorityGrouping
                0x08002628       0x48 ./Drivers/STM32F4xx_HAL_Driver/Src/stm32f4xx_hal_cortex.o
 .text.__NVIC_GetPriorityGrouping
                0x08002670       0x1c ./Drivers/STM32F4xx_HAL_Driver/Src/stm32f4xx_hal_cortex.o
 .text.__NVIC_EnableIRQ
                0x0800268c       0x3c ./Drivers/STM32F4xx_HAL_Driver/Src/stm32f4xx_hal_cortex.o
 .text.__NVIC_SetPriority
                0x080026c8       0x54 ./Drivers/STM32F4xx_HAL_Driver/Src/stm32f4xx_hal_cortex.o
 .text.NVIC_EncodePriority
                0x0800271c       0x66 ./Drivers/STM32F4xx_HAL_Driver/Src/stm32f4xx_hal_cortex.o
 *fill*         0x08002782        0x2 
 .text.SysTick_Config
                0x08002784       0x44 ./Drivers/STM32F4xx_HAL_Driver/Src/stm32f4xx_hal_cortex.o
 .text.HAL_NVIC_SetPriorityGrouping
                0x080027c8       0x16 ./Drivers/STM32F4xx_HAL_Driver/Src/stm32f4xx_hal_cortex.o
                0x080027c8                HAL_NVIC_SetPriorityGrouping
 .text.HAL_NVIC_SetPriority
                0x080027de       0x38 ./Drivers/STM32F4xx_HAL_Driver/Src/stm32f4xx_hal_cortex.o
                0x080027de                HAL_NVIC_SetPriority
 .text.HAL_NVIC_EnableIRQ
                0x08002816       0x1c ./Drivers/STM32F4xx_HAL_Driver/Src/stm32f4xx_hal_cortex.o
                0x08002816                HAL_NVIC_EnableIRQ
 .text.HAL_SYSTICK_Config
                0x08002832       0x18 ./Drivers/STM32F4xx_HAL_Driver/Src/stm32f4xx_hal_cortex.o
                0x08002832                HAL_SYSTICK_Config
 *fill*         0x0800284a        0x2 
 .text.HAL_DMA_Init
                0x0800284c      0x15c ./Drivers/STM32F4xx_HAL_Driver/Src/stm32f4xx_hal_dma.o
                0x0800284c                HAL_DMA_Init
 .text.HAL_DMA_Start_IT
                0x080029a8       0xb0 ./Drivers/STM32F4xx_HAL_Driver/Src/stm32f4xx_hal_dma.o
                0x080029a8                HAL_DMA_Start_IT
 .text.HAL_DMA_IRQHandler
                0x08002a58      0x314 ./Drivers/STM32F4xx_HAL_Driver/Src/stm32f4xx_hal_dma.o
                0x08002a58                HAL_DMA_IRQHandler
 .text.DMA_SetConfig
                0x08002d6c       0x5c ./Drivers/STM32F4xx_HAL_Driver/Src/stm32f4xx_hal_dma.o
 .text.DMA_CalcBaseAndBitshift
                0x08002dc8       0x6c ./Drivers/STM32F4xx_HAL_Driver/Src/stm32f4xx_hal_dma.o
 .text.DMA_CheckFifoParam
                0x08002e34       0xf8 ./Drivers/STM32F4xx_HAL_Driver/Src/stm32f4xx_hal_dma.o
 .text.HAL_GPIO_Init
                0x08002f2c      0x308 ./Drivers/STM32F4xx_HAL_Driver/Src/stm32f4xx_hal_gpio.o
                0x08002f2c                HAL_GPIO_Init
 .text.HAL_GPIO_ReadPin
                0x08003234       0x30 ./Drivers/STM32F4xx_HAL_Driver/Src/stm32f4xx_hal_gpio.o
                0x08003234                HAL_GPIO_ReadPin
 .text.HAL_GPIO_WritePin
                0x08003264       0x32 ./Drivers/STM32F4xx_HAL_Driver/Src/stm32f4xx_hal_gpio.o
                0x08003264                HAL_GPIO_WritePin
 *fill*         0x08003296        0x2 
 .text.HAL_I2C_Init
                0x08003298      0x288 ./Drivers/STM32F4xx_HAL_Driver/Src/stm32f4xx_hal_i2c.o
                0x08003298                HAL_I2C_Init
 .text.HAL_I2C_Mem_Write
                0x08003520      0x1f4 ./Drivers/STM32F4xx_HAL_Driver/Src/stm32f4xx_hal_i2c.o
                0x08003520                HAL_I2C_Mem_Write
 .text.I2C_RequestMemoryWrite
                0x08003714      0x12c ./Drivers/STM32F4xx_HAL_Driver/Src/stm32f4xx_hal_i2c.o
 .text.I2C_WaitOnFlagUntilTimeout
                0x08003840       0xf4 ./Drivers/STM32F4xx_HAL_Driver/Src/stm32f4xx_hal_i2c.o
 .text.I2C_WaitOnMasterAddressFlagUntilTimeout
                0x08003934      0x140 ./Drivers/STM32F4xx_HAL_Driver/Src/stm32f4xx_hal_i2c.o
 .text.I2C_WaitOnTXEFlagUntilTimeout
                0x08003a74       0x90 ./Drivers/STM32F4xx_HAL_Driver/Src/stm32f4xx_hal_i2c.o
 .text.I2C_WaitOnBTFFlagUntilTimeout
                0x08003b04       0x90 ./Drivers/STM32F4xx_HAL_Driver/Src/stm32f4xx_hal_i2c.o
 .text.I2C_IsAcknowledgeFailed
                0x08003b94       0x5e ./Drivers/STM32F4xx_HAL_Driver/Src/stm32f4xx_hal_i2c.o
 *fill*         0x08003bf2        0x2 
 .text.HAL_RCC_OscConfig
                0x08003bf4      0x4f0 ./Drivers/STM32F4xx_HAL_Driver/Src/stm32f4xx_hal_rcc.o
                0x08003bf4                HAL_RCC_OscConfig
 .text.HAL_RCC_ClockConfig
                0x080040e4      0x1cc ./Drivers/STM32F4xx_HAL_Driver/Src/stm32f4xx_hal_rcc.o
                0x080040e4                HAL_RCC_ClockConfig
 .text.HAL_RCC_GetSysClockFreq
                0x080042b0      0x20c ./Drivers/STM32F4xx_HAL_Driver/Src/stm32f4xx_hal_rcc.o
                0x080042b0                HAL_RCC_GetSysClockFreq
 .text.HAL_RCC_GetHCLKFreq
                0x080044bc       0x18 ./Drivers/STM32F4xx_HAL_Driver/Src/stm32f4xx_hal_rcc.o
                0x080044bc                HAL_RCC_GetHCLKFreq
 .text.HAL_RCC_GetPCLK1Freq
                0x080044d4       0x28 ./Drivers/STM32F4xx_HAL_Driver/Src/stm32f4xx_hal_rcc.o
                0x080044d4                HAL_RCC_GetPCLK1Freq
 .text.HAL_RCC_GetPCLK2Freq
                0x080044fc       0x28 ./Drivers/STM32F4xx_HAL_Driver/Src/stm32f4xx_hal_rcc.o
                0x080044fc                HAL_RCC_GetPCLK2Freq
 .text.HAL_UART_Init
                0x08004524       0xa0 ./Drivers/STM32F4xx_HAL_Driver/Src/stm32f4xx_hal_uart.o
                0x08004524                HAL_UART_Init
 .text.UART_SetConfig
                0x080045c4      0x4e8 ./Drivers/STM32F4xx_HAL_Driver/Src/stm32f4xx_hal_uart.o
 .text.__NVIC_SetPriority
                0x08004aac       0x54 ./Middlewares/Third_Party/FreeRTOS/Source/CMSIS_RTOS_V2/cmsis_os2.o
 .text.SVC_Setup
                0x08004b00       0x12 ./Middlewares/Third_Party/FreeRTOS/Source/CMSIS_RTOS_V2/cmsis_os2.o
 *fill*         0x08004b12        0x2 
 .text.osKernelInitialize
                0x08004b14       0x48 ./Middlewares/Third_Party/FreeRTOS/Source/CMSIS_RTOS_V2/cmsis_os2.o
                0x08004b14                osKernelInitialize
 .text.osKernelStart
                0x08004b5c       0x4c ./Middlewares/Third_Party/FreeRTOS/Source/CMSIS_RTOS_V2/cmsis_os2.o
                0x08004b5c                osKernelStart
 .text.osThreadNew
                0x08004ba8      0x124 ./Middlewares/Third_Party/FreeRTOS/Source/CMSIS_RTOS_V2/cmsis_os2.o
                0x08004ba8                osThreadNew
 .text.osDelay  0x08004ccc       0x36 ./Middlewares/Third_Party/FreeRTOS/Source/CMSIS_RTOS_V2/cmsis_os2.o
                0x08004ccc                osDelay
 .text.osMutexNew
                0x08004d02      0x10c ./Middlewares/Third_Party/FreeRTOS/Source/CMSIS_RTOS_V2/cmsis_os2.o
                0x08004d02                osMutexNew
 .text.osMutexAcquire
                0x08004e0e       0x96 ./Middlewares/Third_Party/FreeRTOS/Source/CMSIS_RTOS_V2/cmsis_os2.o
                0x08004e0e                osMutexAcquire
 .text.osMutexRelease
                0x08004ea4       0x7a ./Middlewares/Third_Party/FreeRTOS/Source/CMSIS_RTOS_V2/cmsis_os2.o
                0x08004ea4                osMutexRelease
 .text.osSemaphoreNew
                0x08004f1e      0x112 ./Middlewares/Third_Party/FreeRTOS/Source/CMSIS_RTOS_V2/cmsis_os2.o
                0x08004f1e                osSemaphoreNew
 .text.osSemaphoreAcquire
                0x08005030       0xa4 ./Middlewares/Third_Party/FreeRTOS/Source/CMSIS_RTOS_V2/cmsis_os2.o
                0x08005030                osSemaphoreAcquire
 .text.osSemaphoreRelease
                0x080050d4       0x88 ./Middlewares/Third_Party/FreeRTOS/Source/CMSIS_RTOS_V2/cmsis_os2.o
                0x080050d4                osSemaphoreRelease
 .text.osMessageQueueNew
                0x0800515c       0xe6 ./Middlewares/Third_Party/FreeRTOS/Source/CMSIS_RTOS_V2/cmsis_os2.o
                0x0800515c                osMessageQueueNew
 *fill*         0x08005242        0x2 
 .text.osMessageQueuePut
                0x08005244       0xc0 ./Middlewares/Third_Party/FreeRTOS/Source/CMSIS_RTOS_V2/cmsis_os2.o
                0x08005244                osMessageQueuePut
 .text.osMessageQueueGet
                0x08005304       0xbc ./Middlewares/Third_Party/FreeRTOS/Source/CMSIS_RTOS_V2/cmsis_os2.o
                0x08005304                osMessageQueueGet
 .text.vApplicationGetIdleTaskMemory
                0x080053c0       0x34 ./Middlewares/Third_Party/FreeRTOS/Source/CMSIS_RTOS_V2/cmsis_os2.o
                0x080053c0                vApplicationGetIdleTaskMemory
 .text.vApplicationGetTimerTaskMemory
                0x080053f4       0x34 ./Middlewares/Third_Party/FreeRTOS/Source/CMSIS_RTOS_V2/cmsis_os2.o
                0x080053f4                vApplicationGetTimerTaskMemory
 .text.vListInitialise
                0x08005428       0x40 ./Middlewares/Third_Party/FreeRTOS/Source/list.o
                0x08005428                vListInitialise
 .text.vListInitialiseItem
                0x08005468       0x1a ./Middlewares/Third_Party/FreeRTOS/Source/list.o
                0x08005468                vListInitialiseItem
 .text.vListInsertEnd
                0x08005482       0x48 ./Middlewares/Third_Party/FreeRTOS/Source/list.o
                0x08005482                vListInsertEnd
 .text.vListInsert
                0x080054ca       0x72 ./Middlewares/Third_Party/FreeRTOS/Source/list.o
                0x080054ca                vListInsert
 .text.uxListRemove
                0x0800553c       0x54 ./Middlewares/Third_Party/FreeRTOS/Source/list.o
                0x0800553c                uxListRemove
 .text.xQueueGenericReset
                0x08005590       0xd4 ./Middlewares/Third_Party/FreeRTOS/Source/queue.o
                0x08005590                xQueueGenericReset
 .text.xQueueGenericCreateStatic
                0x08005664       0xfa ./Middlewares/Third_Party/FreeRTOS/Source/queue.o
                0x08005664                xQueueGenericCreateStatic
 .text.xQueueGenericCreate
                0x0800575e       0x76 ./Middlewares/Third_Party/FreeRTOS/Source/queue.o
                0x0800575e                xQueueGenericCreate
 .text.prvInitialiseNewQueue
                0x080057d4       0x52 ./Middlewares/Third_Party/FreeRTOS/Source/queue.o
 .text.prvInitialiseMutex
                0x08005826       0x34 ./Middlewares/Third_Party/FreeRTOS/Source/queue.o
 .text.xQueueCreateMutex
                0x0800585a       0x30 ./Middlewares/Third_Party/FreeRTOS/Source/queue.o
                0x0800585a                xQueueCreateMutex
 .text.xQueueCreateMutexStatic
                0x0800588a       0x36 ./Middlewares/Third_Party/FreeRTOS/Source/queue.o
                0x0800588a                xQueueCreateMutexStatic
 .text.xQueueGiveMutexRecursive
                0x080058c0       0x6a ./Middlewares/Third_Party/FreeRTOS/Source/queue.o
                0x080058c0                xQueueGiveMutexRecursive
 .text.xQueueTakeMutexRecursive
                0x0800592a       0x6e ./Middlewares/Third_Party/FreeRTOS/Source/queue.o
                0x0800592a                xQueueTakeMutexRecursive
 .text.xQueueCreateCountingSemaphoreStatic
                0x08005998       0x72 ./Middlewares/Third_Party/FreeRTOS/Source/queue.o
                0x08005998                xQueueCreateCountingSemaphoreStatic
 .text.xQueueCreateCountingSemaphore
                0x08005a0a       0x6a ./Middlewares/Third_Party/FreeRTOS/Source/queue.o
                0x08005a0a                xQueueCreateCountingSemaphore
 .text.xQueueGenericSend
                0x08005a74      0x254 ./Middlewares/Third_Party/FreeRTOS/Source/queue.o
                0x08005a74                xQueueGenericSend
 .text.xQueueGenericSendFromISR
                0x08005cc8      0x164 ./Middlewares/Third_Party/FreeRTOS/Source/queue.o
                0x08005cc8                xQueueGenericSendFromISR
 .text.xQueueGiveFromISR
                0x08005e2c      0x148 ./Middlewares/Third_Party/FreeRTOS/Source/queue.o
                0x08005e2c                xQueueGiveFromISR
 .text.xQueueReceive
                0x08005f74      0x228 ./Middlewares/Third_Party/FreeRTOS/Source/queue.o
                0x08005f74                xQueueReceive
 .text.xQueueSemaphoreTake
                0x0800619c      0x280 ./Middlewares/Third_Party/FreeRTOS/Source/queue.o
                0x0800619c                xQueueSemaphoreTake
 .text.xQueueReceiveFromISR
                0x0800641c      0x140 ./Middlewares/Third_Party/FreeRTOS/Source/queue.o
                0x0800641c                xQueueReceiveFromISR
 .text.vQueueDelete
                0x0800655c       0x5a ./Middlewares/Third_Party/FreeRTOS/Source/queue.o
                0x0800655c                vQueueDelete
 .text.prvGetDisinheritPriorityAfterTimeout
                0x080065b6       0x30 ./Middlewares/Third_Party/FreeRTOS/Source/queue.o
 .text.prvCopyDataToQueue
                0x080065e6       0xd4 ./Middlewares/Third_Party/FreeRTOS/Source/queue.o
 .text.prvCopyDataFromQueue
                0x080066ba       0x4c ./Middlewares/Third_Party/FreeRTOS/Source/queue.o
 .text.prvUnlockQueue
                0x08006706       0xa4 ./Middlewares/Third_Party/FreeRTOS/Source/queue.o
 .text.prvIsQueueEmpty
                0x080067aa       0x2c ./Middlewares/Third_Party/FreeRTOS/Source/queue.o
 .text.prvIsQueueFull
                0x080067d6       0x30 ./Middlewares/Third_Party/FreeRTOS/Source/queue.o
 *fill*         0x08006806        0x2 
 .text.vQueueAddToRegistry
                0x08006808       0x64 ./Middlewares/Third_Party/FreeRTOS/Source/queue.o
                0x08006808                vQueueAddToRegistry
 .text.vQueueUnregisterQueue
                0x0800686c       0x54 ./Middlewares/Third_Party/FreeRTOS/Source/queue.o
                0x0800686c                vQueueUnregisterQueue
 .text.vQueueWaitForMessageRestricted
                0x080068c0       0x68 ./Middlewares/Third_Party/FreeRTOS/Source/queue.o
                0x080068c0                vQueueWaitForMessageRestricted
 .text.xTaskCreateStatic
                0x08006928       0xc0 ./Middlewares/Third_Party/FreeRTOS/Source/tasks.o
                0x08006928                xTaskCreateStatic
 .text.xTaskCreate
                0x080069e8       0x8a ./Middlewares/Third_Party/FreeRTOS/Source/tasks.o
                0x080069e8                xTaskCreate
 .text.prvInitialiseNewTask
                0x08006a72      0x120 ./Middlewares/Third_Party/FreeRTOS/Source/tasks.o
 *fill*         0x08006b92        0x2 
 .text.prvAddNewTaskToReadyList
                0x08006b94      0x11c ./Middlewares/Third_Party/FreeRTOS/Source/tasks.o
 .text.vTaskDelay
                0x08006cb0       0x74 ./Middlewares/Third_Party/FreeRTOS/Source/tasks.o
                0x08006cb0                vTaskDelay
 .text.vTaskStartScheduler
                0x08006d24       0xf0 ./Middlewares/Third_Party/FreeRTOS/Source/tasks.o
                0x08006d24                vTaskStartScheduler
 .text.vTaskSuspendAll
                0x08006e14       0x1c ./Middlewares/Third_Party/FreeRTOS/Source/tasks.o
                0x08006e14                vTaskSuspendAll
 .text.xTaskResumeAll
                0x08006e30      0x144 ./Middlewares/Third_Party/FreeRTOS/Source/tasks.o
                0x08006e30                xTaskResumeAll
 .text.xTaskGetTickCount
                0x08006f74       0x20 ./Middlewares/Third_Party/FreeRTOS/Source/tasks.o
                0x08006f74                xTaskGetTickCount
 .text.xTaskGetTickCountFromISR
                0x08006f94       0x24 ./Middlewares/Third_Party/FreeRTOS/Source/tasks.o
                0x08006f94                xTaskGetTickCountFromISR
 .text.xTaskIncrementTick
                0x08006fb8      0x17c ./Middlewares/Third_Party/FreeRTOS/Source/tasks.o
                0x08006fb8                xTaskIncrementTick
 .text.vTaskSwitchContext
                0x08007134       0xd8 ./Middlewares/Third_Party/FreeRTOS/Source/tasks.o
                0x08007134                vTaskSwitchContext
 .text.vTaskPlaceOnEventList
                0x0800720c       0x4c ./Middlewares/Third_Party/FreeRTOS/Source/tasks.o
                0x0800720c                vTaskPlaceOnEventList
 .text.vTaskPlaceOnEventListRestricted
                0x08007258       0x60 ./Middlewares/Third_Party/FreeRTOS/Source/tasks.o
                0x08007258                vTaskPlaceOnEventListRestricted
 .text.xTaskRemoveFromEventList
                0x080072b8       0xd0 ./Middlewares/Third_Party/FreeRTOS/Source/tasks.o
                0x080072b8                xTaskRemoveFromEventList
 .text.vTaskInternalSetTimeOutState
                0x08007388       0x2c ./Middlewares/Third_Party/FreeRTOS/Source/tasks.o
                0x08007388                vTaskInternalSetTimeOutState
 .text.xTaskCheckForTimeOut
                0x080073b4       0xc8 ./Middlewares/Third_Party/FreeRTOS/Source/tasks.o
                0x080073b4                xTaskCheckForTimeOut
 .text.vTaskMissedYield
                0x0800747c       0x18 ./Middlewares/Third_Party/FreeRTOS/Source/tasks.o
                0x0800747c                vTaskMissedYield
 .text.prvIdleTask
                0x08007494       0x30 ./Middlewares/Third_Party/FreeRTOS/Source/tasks.o
 .text.prvInitialiseTaskLists
                0x080074c4       0x80 ./Middlewares/Third_Party/FreeRTOS/Source/tasks.o
 .text.prvCheckTasksWaitingTermination
                0x08007544       0x5c ./Middlewares/Third_Party/FreeRTOS/Source/tasks.o
 .text.prvTaskCheckFreeStackSpace
                0x080075a0       0x38 ./Middlewares/Third_Party/FreeRTOS/Source/tasks.o
 .text.uxTaskGetStackHighWaterMark
                0x080075d8       0x38 ./Middlewares/Third_Party/FreeRTOS/Source/tasks.o
                0x080075d8                uxTaskGetStackHighWaterMark
 .text.prvDeleteTCB
                0x08007610       0x60 ./Middlewares/Third_Party/FreeRTOS/Source/tasks.o
 .text.prvResetNextTaskUnblockTime
                0x08007670       0x40 ./Middlewares/Third_Party/FreeRTOS/Source/tasks.o
 .text.xTaskGetCurrentTaskHandle
                0x080076b0       0x20 ./Middlewares/Third_Party/FreeRTOS/Source/tasks.o
                0x080076b0                xTaskGetCurrentTaskHandle
 .text.xTaskGetSchedulerState
                0x080076d0       0x3c ./Middlewares/Third_Party/FreeRTOS/Source/tasks.o
                0x080076d0                xTaskGetSchedulerState
 .text.xTaskPriorityInherit
                0x0800770c       0xe4 ./Middlewares/Third_Party/FreeRTOS/Source/tasks.o
                0x0800770c                xTaskPriorityInherit
 .text.xTaskPriorityDisinherit
                0x080077f0       0xf0 ./Middlewares/Third_Party/FreeRTOS/Source/tasks.o
                0x080077f0                xTaskPriorityDisinherit
 .text.vTaskPriorityDisinheritAfterTimeout
                0x080078e0      0x118 ./Middlewares/Third_Party/FreeRTOS/Source/tasks.o
                0x080078e0                vTaskPriorityDisinheritAfterTimeout
 .text.pvTaskIncrementMutexHeldCount
                0x080079f8       0x28 ./Middlewares/Third_Party/FreeRTOS/Source/tasks.o
                0x080079f8                pvTaskIncrementMutexHeldCount
 .text.prvAddCurrentTaskToDelayedList
                0x08007a20       0xa8 ./Middlewares/Third_Party/FreeRTOS/Source/tasks.o
 .text.xTimerCreateTimerTask
                0x08007ac8       0x94 ./Middlewares/Third_Party/FreeRTOS/Source/timers.o
                0x08007ac8                xTimerCreateTimerTask
 .text.xTimerGenericCommand
                0x08007b5c       0x9c ./Middlewares/Third_Party/FreeRTOS/Source/timers.o
                0x08007b5c                xTimerGenericCommand
 .text.prvProcessExpiredTimer
                0x08007bf8       0x9c ./Middlewares/Third_Party/FreeRTOS/Source/timers.o
 .text.prvTimerTask
                0x08007c94       0x26 ./Middlewares/Third_Party/FreeRTOS/Source/timers.o
 *fill*         0x08007cba        0x2 
 .text.prvProcessTimerOrBlockTask
                0x08007cbc       0x9c ./Middlewares/Third_Party/FreeRTOS/Source/timers.o
 .text.prvGetNextExpireTime
                0x08007d58       0x48 ./Middlewares/Third_Party/FreeRTOS/Source/timers.o
 .text.prvSampleTimeNow
                0x08007da0       0x40 ./Middlewares/Third_Party/FreeRTOS/Source/timers.o
 .text.prvInsertTimerInActiveList
                0x08007de0       0x84 ./Middlewares/Third_Party/FreeRTOS/Source/timers.o
 .text.prvProcessReceivedCommands
                0x08007e64      0x1cc ./Middlewares/Third_Party/FreeRTOS/Source/timers.o
 .text.prvSwitchTimerLists
                0x08008030       0xcc ./Middlewares/Third_Party/FreeRTOS/Source/timers.o
 .text.prvCheckForValidListAndQueue
                0x080080fc       0x80 ./Middlewares/Third_Party/FreeRTOS/Source/timers.o
 .text.pxPortInitialiseStack
                0x0800817c       0x68 ./Middlewares/Third_Party/FreeRTOS/Source/portable/GCC/ARM_CM4F/port.o
                0x0800817c                pxPortInitialiseStack
 .text.prvTaskExitError
                0x080081e4       0x5c ./Middlewares/Third_Party/FreeRTOS/Source/portable/GCC/ARM_CM4F/port.o
 .text.SVC_Handler
                0x08008240       0x28 ./Middlewares/Third_Party/FreeRTOS/Source/portable/GCC/ARM_CM4F/port.o
                0x08008240                SVC_Handler
 .text.prvPortStartFirstTask
                0x08008268       0x28 ./Middlewares/Third_Party/FreeRTOS/Source/portable/GCC/ARM_CM4F/port.o
 .text.xPortStartScheduler
                0x08008290      0x148 ./Middlewares/Third_Party/FreeRTOS/Source/portable/GCC/ARM_CM4F/port.o
                0x08008290                xPortStartScheduler
 .text.vPortEnterCritical
                0x080083d8       0x64 ./Middlewares/Third_Party/FreeRTOS/Source/portable/GCC/ARM_CM4F/port.o
                0x080083d8                vPortEnterCritical
 .text.vPortExitCritical
                0x0800843c       0x54 ./Middlewares/Third_Party/FreeRTOS/Source/portable/GCC/ARM_CM4F/port.o
                0x0800843c                vPortExitCritical
 .text.PendSV_Handler
                0x08008490       0x68 ./Middlewares/Third_Party/FreeRTOS/Source/portable/GCC/ARM_CM4F/port.o
                0x08008490                PendSV_Handler
 .text.xPortSysTickHandler
                0x080084f8       0x44 ./Middlewares/Third_Party/FreeRTOS/Source/portable/GCC/ARM_CM4F/port.o
                0x080084f8                xPortSysTickHandler
 .text.vPortSetupTimerInterrupt
                0x0800853c       0x48 ./Middlewares/Third_Party/FreeRTOS/Source/portable/GCC/ARM_CM4F/port.o
                0x0800853c                vPortSetupTimerInterrupt
 .text.vPortEnableVFP
                0x08008584       0x14 ./Middlewares/Third_Party/FreeRTOS/Source/portable/GCC/ARM_CM4F/port.o
 .text.vPortValidateInterruptPriority
                0x08008598       0x84 ./Middlewares/Third_Party/FreeRTOS/Source/portable/GCC/ARM_CM4F/port.o
                0x08008598                vPortValidateInterruptPriority
 .text.pvPortMalloc
                0x0800861c      0x19c ./Middlewares/Third_Party/FreeRTOS/Source/portable/MemMang/heap_4.o
                0x0800861c                pvPortMalloc
 .text.vPortFree
                0x080087b8       0xc8 ./Middlewares/Third_Party/FreeRTOS/Source/portable/MemMang/heap_4.o
                0x080087b8                vPortFree
 .text.prvHeapInit
                0x08008880       0xc4 ./Middlewares/Third_Party/FreeRTOS/Source/portable/MemMang/heap_4.o
 .text.prvInsertBlockIntoFreeList
                0x08008944       0xb4 ./Middlewares/Third_Party/FreeRTOS/Source/portable/MemMang/heap_4.o
 .text._cbSendSystemDesc
                0x080089f8       0x1c ./Middlewares/Third_Party/SEGGER/Config/SEGGER_SYSVIEW_Config_FreeRTOS.o
 .text.SEGGER_SYSVIEW_Conf
                0x08008a14       0x2c ./Middlewares/Third_Party/SEGGER/Config/SEGGER_SYSVIEW_Config_FreeRTOS.o
                0x08008a14                SEGGER_SYSVIEW_Conf
 .text._cbSendTaskList
                0x08008a40       0xbc ./Middlewares/Third_Party/SEGGER/OS/SEGGER_SYSVIEW_FreeRTOS.o
 .text._cbGetTime
                0x08008afc       0x86 ./Middlewares/Third_Party/SEGGER/OS/SEGGER_SYSVIEW_FreeRTOS.o
 *fill*         0x08008b82        0x2 
 .text.SYSVIEW_AddTask
                0x08008b84       0xd0 ./Middlewares/Third_Party/SEGGER/OS/SEGGER_SYSVIEW_FreeRTOS.o
                0x08008b84                SYSVIEW_AddTask
 .text.SYSVIEW_SendTaskInfo
                0x08008c54       0x42 ./Middlewares/Third_Party/SEGGER/OS/SEGGER_SYSVIEW_FreeRTOS.o
                0x08008c54                SYSVIEW_SendTaskInfo
 *fill*         0x08008c96        0x2 
 .text.__NVIC_EnableIRQ
                0x08008c98       0x3c ./Middlewares/Third_Party/SEGGER/Rec/HIF_UART.o
 .text.__NVIC_SetPriority
                0x08008cd4       0x54 ./Middlewares/Third_Party/SEGGER/Rec/HIF_UART.o
 .text._StartSysView
                0x08008d28       0x1e ./Middlewares/Third_Party/SEGGER/Rec/HIF_UART.o
 *fill*         0x08008d46        0x2 
 .text._cbOnUARTRx
                0x08008d48       0x40 ./Middlewares/Third_Party/SEGGER/Rec/HIF_UART.o
 .text._cbOnUARTTx
                0x08008d88       0x64 ./Middlewares/Third_Party/SEGGER/Rec/HIF_UART.o
 .text.SEGGER_UART_init
                0x08008dec       0x24 ./Middlewares/Third_Party/SEGGER/Rec/HIF_UART.o
                0x08008dec                SEGGER_UART_init
 .text.USART2_IRQHandler
                0x08008e10       0x94 ./Middlewares/Third_Party/SEGGER/Rec/HIF_UART.o
                0x08008e10                USART2_IRQHandler
 .text.HIF_UART_EnableTXEInterrupt
                0x08008ea4       0x20 ./Middlewares/Third_Party/SEGGER/Rec/HIF_UART.o
                0x08008ea4                HIF_UART_EnableTXEInterrupt
 .text.HIF_UART_Init
                0x08008ec4       0xf4 ./Middlewares/Third_Party/SEGGER/Rec/HIF_UART.o
                0x08008ec4                HIF_UART_Init
 .text._DoInit  0x08008fb8       0xb0 ./Middlewares/Third_Party/SEGGER/SEGGER/SEGGER_RTT.o
 .text._WriteBlocking
                0x08009068       0xba ./Middlewares/Third_Party/SEGGER/SEGGER/SEGGER_RTT.o
 .text._WriteNoCheck
                0x08009122       0x90 ./Middlewares/Third_Party/SEGGER/SEGGER/SEGGER_RTT.o
 .text._GetAvailWriteSpace
                0x080091b2       0x46 ./Middlewares/Third_Party/SEGGER/SEGGER/SEGGER_RTT.o
 .text.SEGGER_RTT_ReadUpBufferNoLock
                0x080091f8      0x10c ./Middlewares/Third_Party/SEGGER/SEGGER/SEGGER_RTT.o
                0x080091f8                SEGGER_RTT_ReadUpBufferNoLock
 .text.SEGGER_RTT_ReadNoLock
                0x08009304      0x10c ./Middlewares/Third_Party/SEGGER/SEGGER/SEGGER_RTT.o
                0x08009304                SEGGER_RTT_ReadNoLock
 .text.SEGGER_RTT_WriteDownBufferNoLock
                0x08009410       0xa0 ./Middlewares/Third_Party/SEGGER/SEGGER/SEGGER_RTT.o
                0x08009410                SEGGER_RTT_WriteDownBufferNoLock
 .text.SEGGER_RTT_WriteNoLock
                0x080094b0       0xa0 ./Middlewares/Third_Party/SEGGER/SEGGER/SEGGER_RTT.o
                0x080094b0                SEGGER_RTT_WriteNoLock
 .text.SEGGER_RTT_WriteDownBuffer
                0x08009550       0x4c ./Middlewares/Third_Party/SEGGER/SEGGER/SEGGER_RTT.o
                0x08009550                SEGGER_RTT_WriteDownBuffer
 .text.SEGGER_RTT_Write
                0x0800959c       0x4c ./Middlewares/Third_Party/SEGGER/SEGGER/SEGGER_RTT.o
                0x0800959c                SEGGER_RTT_Write
 .text.SEGGER_RTT_AllocUpBuffer
                0x080095e8      0x108 ./Middlewares/Third_Party/SEGGER/SEGGER/SEGGER_RTT.o
                0x080095e8                SEGGER_RTT_AllocUpBuffer
 .text.SEGGER_RTT_ConfigDownBuffer
                0x080096f0       0xe0 ./Middlewares/Third_Party/SEGGER/SEGGER/SEGGER_RTT.o
                0x080096f0                SEGGER_RTT_ConfigDownBuffer
 .text._EncodeStr
                0x080097d0       0x9a ./Middlewares/Third_Party/SEGGER/SEGGER/SEGGER_SYSVIEW.o
 .text._PreparePacket
                0x0800986a       0x18 ./Middlewares/Third_Party/SEGGER/SEGGER/SEGGER_SYSVIEW.o
 *fill*         0x08009882        0x2 
 .text._HandleIncomingPacket
                0x08009884       0xe0 ./Middlewares/Third_Party/SEGGER/SEGGER/SEGGER_SYSVIEW.o
 .text._TrySendOverflowPacket
                0x08009964       0xe8 ./Middlewares/Third_Party/SEGGER/SEGGER/SEGGER_SYSVIEW.o
 .text._SendPacket
                0x08009a4c      0x1d0 ./Middlewares/Third_Party/SEGGER/SEGGER/SEGGER_SYSVIEW.o
 .text.SEGGER_SYSVIEW_Init
                0x08009c1c       0x88 ./Middlewares/Third_Party/SEGGER/SEGGER/SEGGER_SYSVIEW.o
                0x08009c1c                SEGGER_SYSVIEW_Init
 .text.SEGGER_SYSVIEW_SetRAMBase
                0x08009ca4       0x20 ./Middlewares/Third_Party/SEGGER/SEGGER/SEGGER_SYSVIEW.o
                0x08009ca4                SEGGER_SYSVIEW_SetRAMBase
 .text.SEGGER_SYSVIEW_RecordVoid
                0x08009cc4       0x3c ./Middlewares/Third_Party/SEGGER/SEGGER/SEGGER_SYSVIEW.o
                0x08009cc4                SEGGER_SYSVIEW_RecordVoid
 .text.SEGGER_SYSVIEW_RecordU32
                0x08009d00       0x78 ./Middlewares/Third_Party/SEGGER/SEGGER/SEGGER_SYSVIEW.o
                0x08009d00                SEGGER_SYSVIEW_RecordU32
 .text.SEGGER_SYSVIEW_RecordU32x2
                0x08009d78       0xb4 ./Middlewares/Third_Party/SEGGER/SEGGER/SEGGER_SYSVIEW.o
                0x08009d78                SEGGER_SYSVIEW_RecordU32x2
 .text.SEGGER_SYSVIEW_RecordU32x3
                0x08009e2c       0xec ./Middlewares/Third_Party/SEGGER/SEGGER/SEGGER_SYSVIEW.o
                0x08009e2c                SEGGER_SYSVIEW_RecordU32x3
 .text.SEGGER_SYSVIEW_RecordU32x4
                0x08009f18      0x124 ./Middlewares/Third_Party/SEGGER/SEGGER/SEGGER_SYSVIEW.o
                0x08009f18                SEGGER_SYSVIEW_RecordU32x4
 .text.SEGGER_SYSVIEW_Start
                0x0800a03c      0x178 ./Middlewares/Third_Party/SEGGER/SEGGER/SEGGER_SYSVIEW.o
                0x0800a03c                SEGGER_SYSVIEW_Start
 .text.SEGGER_SYSVIEW_Stop
                0x0800a1b4       0x4c ./Middlewares/Third_Party/SEGGER/SEGGER/SEGGER_SYSVIEW.o
                0x0800a1b4                SEGGER_SYSVIEW_Stop
 .text.SEGGER_SYSVIEW_GetSysDesc
                0x0800a200      0x134 ./Middlewares/Third_Party/SEGGER/SEGGER/SEGGER_SYSVIEW.o
                0x0800a200                SEGGER_SYSVIEW_GetSysDesc
 .text.SEGGER_SYSVIEW_SendTaskInfo
                0x0800a334      0x1c8 ./Middlewares/Third_Party/SEGGER/SEGGER/SEGGER_SYSVIEW.o
                0x0800a334                SEGGER_SYSVIEW_SendTaskInfo
 .text.SEGGER_SYSVIEW_SendTaskList
                0x0800a4fc       0x28 ./Middlewares/Third_Party/SEGGER/SEGGER/SEGGER_SYSVIEW.o
                0x0800a4fc                SEGGER_SYSVIEW_SendTaskList
 .text.SEGGER_SYSVIEW_SendSysDesc
                0x0800a524       0x48 ./Middlewares/Third_Party/SEGGER/SEGGER/SEGGER_SYSVIEW.o
                0x0800a524                SEGGER_SYSVIEW_SendSysDesc
 .text.SEGGER_SYSVIEW_RecordSystime
                0x0800a56c       0x64 ./Middlewares/Third_Party/SEGGER/SEGGER/SEGGER_SYSVIEW.o
                0x0800a56c                SEGGER_SYSVIEW_RecordSystime
 .text.SEGGER_SYSVIEW_OnIdle
                0x0800a5d0       0x38 ./Middlewares/Third_Party/SEGGER/SEGGER/SEGGER_SYSVIEW.o
                0x0800a5d0                SEGGER_SYSVIEW_OnIdle
 .text.SEGGER_SYSVIEW_OnTaskCreate
                0x0800a608       0x84 ./Middlewares/Third_Party/SEGGER/SEGGER/SEGGER_SYSVIEW.o
                0x0800a608                SEGGER_SYSVIEW_OnTaskCreate
 .text.SEGGER_SYSVIEW_OnTaskStartExec
                0x0800a68c       0x84 ./Middlewares/Third_Party/SEGGER/SEGGER/SEGGER_SYSVIEW.o
                0x0800a68c                SEGGER_SYSVIEW_OnTaskStartExec
 .text.SEGGER_SYSVIEW_OnTaskStartReady
                0x0800a710       0x84 ./Middlewares/Third_Party/SEGGER/SEGGER/SEGGER_SYSVIEW.o
                0x0800a710                SEGGER_SYSVIEW_OnTaskStartReady
 .text.SEGGER_SYSVIEW_ShrinkId
                0x0800a794       0x20 ./Middlewares/Third_Party/SEGGER/SEGGER/SEGGER_SYSVIEW.o
                0x0800a794                SEGGER_SYSVIEW_ShrinkId
 .text.SEGGER_SYSVIEW_SendModule
                0x0800a7b4      0x100 ./Middlewares/Third_Party/SEGGER/SEGGER/SEGGER_SYSVIEW.o
                0x0800a7b4                SEGGER_SYSVIEW_SendModule
 .text.SEGGER_SYSVIEW_SendModuleDescription
                0x0800a8b4       0x3c ./Middlewares/Third_Party/SEGGER/SEGGER/SEGGER_SYSVIEW.o
                0x0800a8b4                SEGGER_SYSVIEW_SendModuleDescription
 .text.SEGGER_SYSVIEW_SendNumModules
                0x0800a8f0       0x7c ./Middlewares/Third_Party/SEGGER/SEGGER/SEGGER_SYSVIEW.o
                0x0800a8f0                SEGGER_SYSVIEW_SendNumModules
 .text.SEGGER_SYSVIEW_Warn
                0x0800a96c       0xb8 ./Middlewares/Third_Party/SEGGER/SEGGER/SEGGER_SYSVIEW.o
                0x0800a96c                SEGGER_SYSVIEW_Warn
 .text.SEGGER_SYSVIEW_IsStarted
                0x0800aa24       0x5c ./Middlewares/Third_Party/SEGGER/SEGGER/SEGGER_SYSVIEW.o
                0x0800aa24                SEGGER_SYSVIEW_IsStarted
 .text._write_r
                0x0800aa80       0x22 ./Middlewares/Third_Party/SEGGER/SEGGER/Syscalls/SEGGER_RTT_Syscalls_GCC.o
                0x0800aa80                _write_r
 *fill*         0x0800aaa2        0x2 
 .text.rand     0x0800aaa4       0x7c C:/ST/STM32CubeIDE_1.19.0/STM32CubeIDE/plugins/com.st.stm32cube.ide.mcu.externaltools.gnu-tools-for-stm32.13.3.rel1.win32_1.0.0.202411081344/tools/bin/../lib/gcc/arm-none-eabi/13.3.1/../../../../arm-none-eabi/lib/thumb/v7e-m+fp/hard\libc_nano.a(libc_a-rand.o)
                0x0800aaa4                rand
 .text.std      0x0800ab20       0x6c C:/ST/STM32CubeIDE_1.19.0/STM32CubeIDE/plugins/com.st.stm32cube.ide.mcu.externaltools.gnu-tools-for-stm32.13.3.rel1.win32_1.0.0.202411081344/tools/bin/../lib/gcc/arm-none-eabi/13.3.1/../../../../arm-none-eabi/lib/thumb/v7e-m+fp/hard\libc_nano.a(libc_a-findfp.o)
 .text.stdio_exit_handler
                0x0800ab8c       0x18 C:/ST/STM32CubeIDE_1.19.0/STM32CubeIDE/plugins/com.st.stm32cube.ide.mcu.externaltools.gnu-tools-for-stm32.13.3.rel1.win32_1.0.0.202411081344/tools/bin/../lib/gcc/arm-none-eabi/13.3.1/../../../../arm-none-eabi/lib/thumb/v7e-m+fp/hard\libc_nano.a(libc_a-findfp.o)
 .text.cleanup_stdio
                0x0800aba4       0x40 C:/ST/STM32CubeIDE_1.19.0/STM32CubeIDE/plugins/com.st.stm32cube.ide.mcu.externaltools.gnu-tools-for-stm32.13.3.rel1.win32_1.0.0.202411081344/tools/bin/../lib/gcc/arm-none-eabi/13.3.1/../../../../arm-none-eabi/lib/thumb/v7e-m+fp/hard\libc_nano.a(libc_a-findfp.o)
 .text.global_stdio_init.part.0
                0x0800abe4       0x3c C:/ST/STM32CubeIDE_1.19.0/STM32CubeIDE/plugins/com.st.stm32cube.ide.mcu.externaltools.gnu-tools-for-stm32.13.3.rel1.win32_1.0.0.202411081344/tools/bin/../lib/gcc/arm-none-eabi/13.3.1/../../../../arm-none-eabi/lib/thumb/v7e-m+fp/hard\libc_nano.a(libc_a-findfp.o)
 .text.__sfp_lock_acquire
                0x0800ac20        0xc C:/ST/STM32CubeIDE_1.19.0/STM32CubeIDE/plugins/com.st.stm32cube.ide.mcu.externaltools.gnu-tools-for-stm32.13.3.rel1.win32_1.0.0.202411081344/tools/bin/../lib/gcc/arm-none-eabi/13.3.1/../../../../arm-none-eabi/lib/thumb/v7e-m+fp/hard\libc_nano.a(libc_a-findfp.o)
                0x0800ac20                __sfp_lock_acquire
 .text.__sfp_lock_release
                0x0800ac2c        0xc C:/ST/STM32CubeIDE_1.19.0/STM32CubeIDE/plugins/com.st.stm32cube.ide.mcu.externaltools.gnu-tools-for-stm32.13.3.rel1.win32_1.0.0.202411081344/tools/bin/../lib/gcc/arm-none-eabi/13.3.1/../../../../arm-none-eabi/lib/thumb/v7e-m+fp/hard\libc_nano.a(libc_a-findfp.o)
                0x0800ac2c                __sfp_lock_release
 .text.__sinit  0x0800ac38       0x30 C:/ST/STM32CubeIDE_1.19.0/STM32CubeIDE/plugins/com.st.stm32cube.ide.mcu.externaltools.gnu-tools-for-stm32.13.3.rel1.win32_1.0.0.202411081344/tools/bin/../lib/gcc/arm-none-eabi/13.3.1/../../../../arm-none-eabi/lib/thumb/v7e-m+fp/hard\libc_nano.a(libc_a-findfp.o)
                0x0800ac38                __sinit
 .text._fwalk_sglue
                0x0800ac68       0x3c C:/ST/STM32CubeIDE_1.19.0/STM32CubeIDE/plugins/com.st.stm32cube.ide.mcu.externaltools.gnu-tools-for-stm32.13.3.rel1.win32_1.0.0.202411081344/tools/bin/../lib/gcc/arm-none-eabi/13.3.1/../../../../arm-none-eabi/lib/thumb/v7e-m+fp/hard\libc_nano.a(libc_a-fwalk.o)
                0x0800ac68                _fwalk_sglue
 .text.sprintf  0x0800aca4       0x44 C:/ST/STM32CubeIDE_1.19.0/STM32CubeIDE/plugins/com.st.stm32cube.ide.mcu.externaltools.gnu-tools-for-stm32.13.3.rel1.win32_1.0.0.202411081344/tools/bin/../lib/gcc/arm-none-eabi/13.3.1/../../../../arm-none-eabi/lib/thumb/v7e-m+fp/hard\libc_nano.a(libc_a-sprintf.o)
                0x0800aca4                siprintf
                0x0800aca4                sprintf
 .text.__sread  0x0800ace8       0x22 C:/ST/STM32CubeIDE_1.19.0/STM32CubeIDE/plugins/com.st.stm32cube.ide.mcu.externaltools.gnu-tools-for-stm32.13.3.rel1.win32_1.0.0.202411081344/tools/bin/../lib/gcc/arm-none-eabi/13.3.1/../../../../arm-none-eabi/lib/thumb/v7e-m+fp/hard\libc_nano.a(libc_a-stdio.o)
                0x0800ace8                __sread
 .text.__swrite
                0x0800ad0a       0x38 C:/ST/STM32CubeIDE_1.19.0/STM32CubeIDE/plugins/com.st.stm32cube.ide.mcu.externaltools.gnu-tools-for-stm32.13.3.rel1.win32_1.0.0.202411081344/tools/bin/../lib/gcc/arm-none-eabi/13.3.1/../../../../arm-none-eabi/lib/thumb/v7e-m+fp/hard\libc_nano.a(libc_a-stdio.o)
                0x0800ad0a                __swrite
 .text.__sseek  0x0800ad42       0x24 C:/ST/STM32CubeIDE_1.19.0/STM32CubeIDE/plugins/com.st.stm32cube.ide.mcu.externaltools.gnu-tools-for-stm32.13.3.rel1.win32_1.0.0.202411081344/tools/bin/../lib/gcc/arm-none-eabi/13.3.1/../../../../arm-none-eabi/lib/thumb/v7e-m+fp/hard\libc_nano.a(libc_a-stdio.o)
                0x0800ad42                __sseek
 .text.__sclose
                0x0800ad66        0x8 C:/ST/STM32CubeIDE_1.19.0/STM32CubeIDE/plugins/com.st.stm32cube.ide.mcu.externaltools.gnu-tools-for-stm32.13.3.rel1.win32_1.0.0.202411081344/tools/bin/../lib/gcc/arm-none-eabi/13.3.1/../../../../arm-none-eabi/lib/thumb/v7e-m+fp/hard\libc_nano.a(libc_a-stdio.o)
                0x0800ad66                __sclose
 .text.memcmp   0x0800ad6e       0x20 C:/ST/STM32CubeIDE_1.19.0/STM32CubeIDE/plugins/com.st.stm32cube.ide.mcu.externaltools.gnu-tools-for-stm32.13.3.rel1.win32_1.0.0.202411081344/tools/bin/../lib/gcc/arm-none-eabi/13.3.1/../../../../arm-none-eabi/lib/thumb/v7e-m+fp/hard\libc_nano.a(libc_a-memcmp.o)
                0x0800ad6e                memcmp
 .text.memmove  0x0800ad8e       0x34 C:/ST/STM32CubeIDE_1.19.0/STM32CubeIDE/plugins/com.st.stm32cube.ide.mcu.externaltools.gnu-tools-for-stm32.13.3.rel1.win32_1.0.0.202411081344/tools/bin/../lib/gcc/arm-none-eabi/13.3.1/../../../../arm-none-eabi/lib/thumb/v7e-m+fp/hard\libc_nano.a(libc_a-memmove.o)
                0x0800ad8e                memmove
 .text.memset   0x0800adc2       0x10 C:/ST/STM32CubeIDE_1.19.0/STM32CubeIDE/plugins/com.st.stm32cube.ide.mcu.externaltools.gnu-tools-for-stm32.13.3.rel1.win32_1.0.0.202411081344/tools/bin/../lib/gcc/arm-none-eabi/13.3.1/../../../../arm-none-eabi/lib/thumb/v7e-m+fp/hard\libc_nano.a(libc_a-memset.o)
                0x0800adc2                memset
 *fill*         0x0800add2        0x2 
 .text._close_r
                0x0800add4       0x20 C:/ST/STM32CubeIDE_1.19.0/STM32CubeIDE/plugins/com.st.stm32cube.ide.mcu.externaltools.gnu-tools-for-stm32.13.3.rel1.win32_1.0.0.202411081344/tools/bin/../lib/gcc/arm-none-eabi/13.3.1/../../../../arm-none-eabi/lib/thumb/v7e-m+fp/hard\libc_nano.a(libc_a-closer.o)
                0x0800add4                _close_r
 .text._lseek_r
                0x0800adf4       0x24 C:/ST/STM32CubeIDE_1.19.0/STM32CubeIDE/plugins/com.st.stm32cube.ide.mcu.externaltools.gnu-tools-for-stm32.13.3.rel1.win32_1.0.0.202411081344/tools/bin/../lib/gcc/arm-none-eabi/13.3.1/../../../../arm-none-eabi/lib/thumb/v7e-m+fp/hard\libc_nano.a(libc_a-lseekr.o)
                0x0800adf4                _lseek_r
 .text._read_r  0x0800ae18       0x24 C:/ST/STM32CubeIDE_1.19.0/STM32CubeIDE/plugins/com.st.stm32cube.ide.mcu.externaltools.gnu-tools-for-stm32.13.3.rel1.win32_1.0.0.202411081344/tools/bin/../lib/gcc/arm-none-eabi/13.3.1/../../../../arm-none-eabi/lib/thumb/v7e-m+fp/hard\libc_nano.a(libc_a-readr.o)
                0x0800ae18                _read_r
 .text.__errno  0x0800ae3c        0xc C:/ST/STM32CubeIDE_1.19.0/STM32CubeIDE/plugins/com.st.stm32cube.ide.mcu.externaltools.gnu-tools-for-stm32.13.3.rel1.win32_1.0.0.202411081344/tools/bin/../lib/gcc/arm-none-eabi/13.3.1/../../../../arm-none-eabi/lib/thumb/v7e-m+fp/hard\libc_nano.a(libc_a-errno.o)
                0x0800ae3c                __errno
 .text.__libc_init_array
                0x0800ae48       0x48 C:/ST/STM32CubeIDE_1.19.0/STM32CubeIDE/plugins/com.st.stm32cube.ide.mcu.externaltools.gnu-tools-for-stm32.13.3.rel1.win32_1.0.0.202411081344/tools/bin/../lib/gcc/arm-none-eabi/13.3.1/../../../../arm-none-eabi/lib/thumb/v7e-m+fp/hard\libc_nano.a(libc_a-init.o)
                0x0800ae48                __libc_init_array
 .text.__retarget_lock_init_recursive
                0x0800ae90        0x2 C:/ST/STM32CubeIDE_1.19.0/STM32CubeIDE/plugins/com.st.stm32cube.ide.mcu.externaltools.gnu-tools-for-stm32.13.3.rel1.win32_1.0.0.202411081344/tools/bin/../lib/gcc/arm-none-eabi/13.3.1/../../../../arm-none-eabi/lib/thumb/v7e-m+fp/hard\libc_nano.a(libc_a-lock.o)
                0x0800ae90                __retarget_lock_init_recursive
 .text.__retarget_lock_acquire_recursive
                0x0800ae92        0x2 C:/ST/STM32CubeIDE_1.19.0/STM32CubeIDE/plugins/com.st.stm32cube.ide.mcu.externaltools.gnu-tools-for-stm32.13.3.rel1.win32_1.0.0.202411081344/tools/bin/../lib/gcc/arm-none-eabi/13.3.1/../../../../arm-none-eabi/lib/thumb/v7e-m+fp/hard\libc_nano.a(libc_a-lock.o)
                0x0800ae92                __retarget_lock_acquire_recursive
 .text.__retarget_lock_release_recursive
                0x0800ae94        0x2 C:/ST/STM32CubeIDE_1.19.0/STM32CubeIDE/plugins/com.st.stm32cube.ide.mcu.externaltools.gnu-tools-for-stm32.13.3.rel1.win32_1.0.0.202411081344/tools/bin/../lib/gcc/arm-none-eabi/13.3.1/../../../../arm-none-eabi/lib/thumb/v7e-m+fp/hard\libc_nano.a(libc_a-lock.o)
                0x0800ae94                __retarget_lock_release_recursive
 .text.memcpy   0x0800ae96       0x1c C:/ST/STM32CubeIDE_1.19.0/STM32CubeIDE/plugins/com.st.stm32cube.ide.mcu.externaltools.gnu-tools-for-stm32.13.3.rel1.win32_1.0.0.202411081344/tools/bin/../lib/gcc/arm-none-eabi/13.3.1/../../../../arm-none-eabi/lib/thumb/v7e-m+fp/hard\libc_nano.a(libc_a-memcpy-stub.o)
                0x0800ae96                memcpy
 *fill*         0x0800aeb2        0x2 
 .text.__assert_func
                0x0800aeb4       0x3c C:/ST/STM32CubeIDE_1.19.0/STM32CubeIDE/plugins/com.st.stm32cube.ide.mcu.externaltools.gnu-tools-for-stm32.13.3.rel1.win32_1.0.0.202411081344/tools/bin/../lib/gcc/arm-none-eabi/13.3.1/../../../../arm-none-eabi/lib/thumb/v7e-m+fp/hard\libc_nano.a(libc_a-assert.o)
                0x0800aeb4                __assert_func
 .text._free_r  0x0800aef0       0x94 C:/ST/STM32CubeIDE_1.19.0/STM32CubeIDE/plugins/com.st.stm32cube.ide.mcu.externaltools.gnu-tools-for-stm32.13.3.rel1.win32_1.0.0.202411081344/tools/bin/../lib/gcc/arm-none-eabi/13.3.1/../../../../arm-none-eabi/lib/thumb/v7e-m+fp/hard\libc_nano.a(libc_a-freer.o)
                0x0800aef0                _free_r
 .text.malloc   0x0800af84       0x10 C:/ST/STM32CubeIDE_1.19.0/STM32CubeIDE/plugins/com.st.stm32cube.ide.mcu.externaltools.gnu-tools-for-stm32.13.3.rel1.win32_1.0.0.202411081344/tools/bin/../lib/gcc/arm-none-eabi/13.3.1/../../../../arm-none-eabi/lib/thumb/v7e-m+fp/hard\libc_nano.a(libc_a-malloc.o)
                0x0800af84                malloc
 .text.sbrk_aligned
                0x0800af94       0x44 C:/ST/STM32CubeIDE_1.19.0/STM32CubeIDE/plugins/com.st.stm32cube.ide.mcu.externaltools.gnu-tools-for-stm32.13.3.rel1.win32_1.0.0.202411081344/tools/bin/../lib/gcc/arm-none-eabi/13.3.1/../../../../arm-none-eabi/lib/thumb/v7e-m+fp/hard\libc_nano.a(libc_a-mallocr.o)
 .text._malloc_r
                0x0800afd8      0x100 C:/ST/STM32CubeIDE_1.19.0/STM32CubeIDE/plugins/com.st.stm32cube.ide.mcu.externaltools.gnu-tools-for-stm32.13.3.rel1.win32_1.0.0.202411081344/tools/bin/../lib/gcc/arm-none-eabi/13.3.1/../../../../arm-none-eabi/lib/thumb/v7e-m+fp/hard\libc_nano.a(libc_a-mallocr.o)
                0x0800afd8                _malloc_r
 .text.__malloc_lock
                0x0800b0d8        0xc C:/ST/STM32CubeIDE_1.19.0/STM32CubeIDE/plugins/com.st.stm32cube.ide.mcu.externaltools.gnu-tools-for-stm32.13.3.rel1.win32_1.0.0.202411081344/tools/bin/../lib/gcc/arm-none-eabi/13.3.1/../../../../arm-none-eabi/lib/thumb/v7e-m+fp/hard\libc_nano.a(libc_a-mlock.o)
                0x0800b0d8                __malloc_lock
 .text.__malloc_unlock
                0x0800b0e4        0xc C:/ST/STM32CubeIDE_1.19.0/STM32CubeIDE/plugins/com.st.stm32cube.ide.mcu.externaltools.gnu-tools-for-stm32.13.3.rel1.win32_1.0.0.202411081344/tools/bin/../lib/gcc/arm-none-eabi/13.3.1/../../../../arm-none-eabi/lib/thumb/v7e-m+fp/hard\libc_nano.a(libc_a-mlock.o)
                0x0800b0e4                __malloc_unlock
 .text.__ssputs_r
                0x0800b0f0       0xb6 C:/ST/STM32CubeIDE_1.19.0/STM32CubeIDE/plugins/com.st.stm32cube.ide.mcu.externaltools.gnu-tools-for-stm32.13.3.rel1.win32_1.0.0.202411081344/tools/bin/../lib/gcc/arm-none-eabi/13.3.1/../../../../arm-none-eabi/lib/thumb/v7e-m+fp/hard\libc_nano.a(libc_a-nano-svfprintf.o)
                0x0800b0f0                __ssputs_r
 *fill*         0x0800b1a6        0x2 
 .text._svfprintf_r
                0x0800b1a8      0x1f8 C:/ST/STM32CubeIDE_1.19.0/STM32CubeIDE/plugins/com.st.stm32cube.ide.mcu.externaltools.gnu-tools-for-stm32.13.3.rel1.win32_1.0.0.202411081344/tools/bin/../lib/gcc/arm-none-eabi/13.3.1/../../../../arm-none-eabi/lib/thumb/v7e-m+fp/hard\libc_nano.a(libc_a-nano-svfprintf.o)
                0x0800b1a8                _svfiprintf_r
                0x0800b1a8                _svfprintf_r
 .text._printf_common
                0x0800b3a0       0xda C:/ST/STM32CubeIDE_1.19.0/STM32CubeIDE/plugins/com.st.stm32cube.ide.mcu.externaltools.gnu-tools-for-stm32.13.3.rel1.win32_1.0.0.202411081344/tools/bin/../lib/gcc/arm-none-eabi/13.3.1/../../../../arm-none-eabi/lib/thumb/v7e-m+fp/hard\libc_nano.a(libc_a-nano-vfprintf_i.o)
                0x0800b3a0                _printf_common
 *fill*         0x0800b47a        0x2 
 .text._printf_i
                0x0800b47c      0x23c C:/ST/STM32CubeIDE_1.19.0/STM32CubeIDE/plugins/com.st.stm32cube.ide.mcu.externaltools.gnu-tools-for-stm32.13.3.rel1.win32_1.0.0.202411081344/tools/bin/../lib/gcc/arm-none-eabi/13.3.1/../../../../arm-none-eabi/lib/thumb/v7e-m+fp/hard\libc_nano.a(libc_a-nano-vfprintf_i.o)
                0x0800b47c                _printf_i
 .text.__sflush_r
                0x0800b6b8      0x108 C:/ST/STM32CubeIDE_1.19.0/STM32CubeIDE/plugins/com.st.stm32cube.ide.mcu.externaltools.gnu-tools-for-stm32.13.3.rel1.win32_1.0.0.202411081344/tools/bin/../lib/gcc/arm-none-eabi/13.3.1/../../../../arm-none-eabi/lib/thumb/v7e-m+fp/hard\libc_nano.a(libc_a-fflush.o)
                0x0800b6b8                __sflush_r
 .text._fflush_r
                0x0800b7c0       0x50 C:/ST/STM32CubeIDE_1.19.0/STM32CubeIDE/plugins/com.st.stm32cube.ide.mcu.externaltools.gnu-tools-for-stm32.13.3.rel1.win32_1.0.0.202411081344/tools/bin/../lib/gcc/arm-none-eabi/13.3.1/../../../../arm-none-eabi/lib/thumb/v7e-m+fp/hard\libc_nano.a(libc_a-fflush.o)
                0x0800b7c0                _fflush_r
 .text.fprintf  0x0800b810       0x24 C:/ST/STM32CubeIDE_1.19.0/STM32CubeIDE/plugins/com.st.stm32cube.ide.mcu.externaltools.gnu-tools-for-stm32.13.3.rel1.win32_1.0.0.202411081344/tools/bin/../lib/gcc/arm-none-eabi/13.3.1/../../../../arm-none-eabi/lib/thumb/v7e-m+fp/hard\libc_nano.a(libc_a-fprintf.o)
                0x0800b810                fiprintf
                0x0800b810                fprintf
 .text._sbrk_r  0x0800b834       0x20 C:/ST/STM32CubeIDE_1.19.0/STM32CubeIDE/plugins/com.st.stm32cube.ide.mcu.externaltools.gnu-tools-for-stm32.13.3.rel1.win32_1.0.0.202411081344/tools/bin/../lib/gcc/arm-none-eabi/13.3.1/../../../../arm-none-eabi/lib/thumb/v7e-m+fp/hard\libc_nano.a(libc_a-sbrkr.o)
                0x0800b834                _sbrk_r
 .text.abort    0x0800b854        0xe C:/ST/STM32CubeIDE_1.19.0/STM32CubeIDE/plugins/com.st.stm32cube.ide.mcu.externaltools.gnu-tools-for-stm32.13.3.rel1.win32_1.0.0.202411081344/tools/bin/../lib/gcc/arm-none-eabi/13.3.1/../../../../arm-none-eabi/lib/thumb/v7e-m+fp/hard\libc_nano.a(libc_a-abort.o)
                0x0800b854                abort
 .text._realloc_r
                0x0800b862       0x5c C:/ST/STM32CubeIDE_1.19.0/STM32CubeIDE/plugins/com.st.stm32cube.ide.mcu.externaltools.gnu-tools-for-stm32.13.3.rel1.win32_1.0.0.202411081344/tools/bin/../lib/gcc/arm-none-eabi/13.3.1/../../../../arm-none-eabi/lib/thumb/v7e-m+fp/hard\libc_nano.a(libc_a-reallocr.o)
                0x0800b862                _realloc_r
 .text.__sfputc_r
                0x0800b8be       0x2e C:/ST/STM32CubeIDE_1.19.0/STM32CubeIDE/plugins/com.st.stm32cube.ide.mcu.externaltools.gnu-tools-for-stm32.13.3.rel1.win32_1.0.0.202411081344/tools/bin/../lib/gcc/arm-none-eabi/13.3.1/../../../../arm-none-eabi/lib/thumb/v7e-m+fp/hard\libc_nano.a(libc_a-nano-vfprintf.o)
 .text.__sfputs_r
                0x0800b8ec       0x24 C:/ST/STM32CubeIDE_1.19.0/STM32CubeIDE/plugins/com.st.stm32cube.ide.mcu.externaltools.gnu-tools-for-stm32.13.3.rel1.win32_1.0.0.202411081344/tools/bin/../lib/gcc/arm-none-eabi/13.3.1/../../../../arm-none-eabi/lib/thumb/v7e-m+fp/hard\libc_nano.a(libc_a-nano-vfprintf.o)
                0x0800b8ec                __sfputs_r
 .text._vfprintf_r
                0x0800b910      0x230 C:/ST/STM32CubeIDE_1.19.0/STM32CubeIDE/plugins/com.st.stm32cube.ide.mcu.externaltools.gnu-tools-for-stm32.13.3.rel1.win32_1.0.0.202411081344/tools/bin/../lib/gcc/arm-none-eabi/13.3.1/../../../../arm-none-eabi/lib/thumb/v7e-m+fp/hard\libc_nano.a(libc_a-nano-vfprintf.o)
                0x0800b910                _vfprintf_r
                0x0800b910                _vfiprintf_r
 .text.__swbuf_r
                0x0800bb40       0x7c C:/ST/STM32CubeIDE_1.19.0/STM32CubeIDE/plugins/com.st.stm32cube.ide.mcu.externaltools.gnu-tools-for-stm32.13.3.rel1.win32_1.0.0.202411081344/tools/bin/../lib/gcc/arm-none-eabi/13.3.1/../../../../arm-none-eabi/lib/thumb/v7e-m+fp/hard\libc_nano.a(libc_a-wbuf.o)
                0x0800bb40                __swbuf_r
 .text.__swsetup_r
                0x0800bbbc       0xac C:/ST/STM32CubeIDE_1.19.0/STM32CubeIDE/plugins/com.st.stm32cube.ide.mcu.externaltools.gnu-tools-for-stm32.13.3.rel1.win32_1.0.0.202411081344/tools/bin/../lib/gcc/arm-none-eabi/13.3.1/../../../../arm-none-eabi/lib/thumb/v7e-m+fp/hard\libc_nano.a(libc_a-wsetup.o)
                0x0800bbbc                __swsetup_r
 .text._raise_r
                0x0800bc68       0x50 C:/ST/STM32CubeIDE_1.19.0/STM32CubeIDE/plugins/com.st.stm32cube.ide.mcu.externaltools.gnu-tools-for-stm32.13.3.rel1.win32_1.0.0.202411081344/tools/bin/../lib/gcc/arm-none-eabi/13.3.1/../../../../arm-none-eabi/lib/thumb/v7e-m+fp/hard\libc_nano.a(libc_a-signal.o)
                0x0800bc68                _raise_r
 .text.raise    0x0800bcb8       0x10 C:/ST/STM32CubeIDE_1.19.0/STM32CubeIDE/plugins/com.st.stm32cube.ide.mcu.externaltools.gnu-tools-for-stm32.13.3.rel1.win32_1.0.0.202411081344/tools/bin/../lib/gcc/arm-none-eabi/13.3.1/../../../../arm-none-eabi/lib/thumb/v7e-m+fp/hard\libc_nano.a(libc_a-signal.o)
                0x0800bcb8                raise
 .text._kill_r  0x0800bcc8       0x24 C:/ST/STM32CubeIDE_1.19.0/STM32CubeIDE/plugins/com.st.stm32cube.ide.mcu.externaltools.gnu-tools-for-stm32.13.3.rel1.win32_1.0.0.202411081344/tools/bin/../lib/gcc/arm-none-eabi/13.3.1/../../../../arm-none-eabi/lib/thumb/v7e-m+fp/hard\libc_nano.a(libc_a-signalr.o)
                0x0800bcc8                _kill_r
 .text._getpid_r
                0x0800bcec        0x4 C:/ST/STM32CubeIDE_1.19.0/STM32CubeIDE/plugins/com.st.stm32cube.ide.mcu.externaltools.gnu-tools-for-stm32.13.3.rel1.win32_1.0.0.202411081344/tools/bin/../lib/gcc/arm-none-eabi/13.3.1/../../../../arm-none-eabi/lib/thumb/v7e-m+fp/hard\libc_nano.a(libc_a-signalr.o)
                0x0800bcec                _getpid_r
 .text._malloc_usable_size_r
                0x0800bcf0       0x10 C:/ST/STM32CubeIDE_1.19.0/STM32CubeIDE/plugins/com.st.stm32cube.ide.mcu.externaltools.gnu-tools-for-stm32.13.3.rel1.win32_1.0.0.202411081344/tools/bin/../lib/gcc/arm-none-eabi/13.3.1/../../../../arm-none-eabi/lib/thumb/v7e-m+fp/hard\libc_nano.a(libc_a-msizer.o)
                0x0800bcf0                _malloc_usable_size_r
 .text.__swhatbuf_r
                0x0800bd00       0x4c C:/ST/STM32CubeIDE_1.19.0/STM32CubeIDE/plugins/com.st.stm32cube.ide.mcu.externaltools.gnu-tools-for-stm32.13.3.rel1.win32_1.0.0.202411081344/tools/bin/../lib/gcc/arm-none-eabi/13.3.1/../../../../arm-none-eabi/lib/thumb/v7e-m+fp/hard\libc_nano.a(libc_a-makebuf.o)
                0x0800bd00                __swhatbuf_r
 .text.__smakebuf_r
                0x0800bd4c       0x78 C:/ST/STM32CubeIDE_1.19.0/STM32CubeIDE/plugins/com.st.stm32cube.ide.mcu.externaltools.gnu-tools-for-stm32.13.3.rel1.win32_1.0.0.202411081344/tools/bin/../lib/gcc/arm-none-eabi/13.3.1/../../../../arm-none-eabi/lib/thumb/v7e-m+fp/hard\libc_nano.a(libc_a-makebuf.o)
                0x0800bd4c                __smakebuf_r
 .text._fstat_r
                0x0800bdc4       0x24 C:/ST/STM32CubeIDE_1.19.0/STM32CubeIDE/plugins/com.st.stm32cube.ide.mcu.externaltools.gnu-tools-for-stm32.13.3.rel1.win32_1.0.0.202411081344/tools/bin/../lib/gcc/arm-none-eabi/13.3.1/../../../../arm-none-eabi/lib/thumb/v7e-m+fp/hard\libc_nano.a(libc_a-fstatr.o)
                0x0800bdc4                _fstat_r
 .text._isatty_r
                0x0800bde8       0x20 C:/ST/STM32CubeIDE_1.19.0/STM32CubeIDE/plugins/com.st.stm32cube.ide.mcu.externaltools.gnu-tools-for-stm32.13.3.rel1.win32_1.0.0.202411081344/tools/bin/../lib/gcc/arm-none-eabi/13.3.1/../../../../arm-none-eabi/lib/thumb/v7e-m+fp/hard\libc_nano.a(libc_a-isattyr.o)
                0x0800bde8                _isatty_r
 *(.glue_7)
 .glue_7        0x0800be08        0x0 linker stubs
 *(.glue_7t)
 .glue_7t       0x0800be08        0x0 linker stubs
 *(.eh_frame)
 .eh_frame      0x0800be08        0x0 C:/ST/STM32CubeIDE_1.19.0/STM32CubeIDE/plugins/com.st.stm32cube.ide.mcu.externaltools.gnu-tools-for-stm32.13.3.rel1.win32_1.0.0.202411081344/tools/bin/../lib/gcc/arm-none-eabi/13.3.1/thumb/v7e-m+fp/hard/crtbegin.o
 *(.init)
 .init          0x0800be08        0x4 C:/ST/STM32CubeIDE_1.19.0/STM32CubeIDE/plugins/com.st.stm32cube.ide.mcu.externaltools.gnu-tools-for-stm32.13.3.rel1.win32_1.0.0.202411081344/tools/bin/../lib/gcc/arm-none-eabi/13.3.1/thumb/v7e-m+fp/hard/crti.o
                0x0800be08                _init
 .init          0x0800be0c        0x8 C:/ST/STM32CubeIDE_1.19.0/STM32CubeIDE/plugins/com.st.stm32cube.ide.mcu.externaltools.gnu-tools-for-stm32.13.3.rel1.win32_1.0.0.202411081344/tools/bin/../lib/gcc/arm-none-eabi/13.3.1/thumb/v7e-m+fp/hard/crtn.o
 *(.fini)
 .fini          0x0800be14        0x4 C:/ST/STM32CubeIDE_1.19.0/STM32CubeIDE/plugins/com.st.stm32cube.ide.mcu.externaltools.gnu-tools-for-stm32.13.3.rel1.win32_1.0.0.202411081344/tools/bin/../lib/gcc/arm-none-eabi/13.3.1/thumb/v7e-m+fp/hard/crti.o
                0x0800be14                _fini
 .fini          0x0800be18        0x8 C:/ST/STM32CubeIDE_1.19.0/STM32CubeIDE/plugins/com.st.stm32cube.ide.mcu.externaltools.gnu-tools-for-stm32.13.3.rel1.win32_1.0.0.202411081344/tools/bin/../lib/gcc/arm-none-eabi/13.3.1/thumb/v7e-m+fp/hard/crtn.o
                0x0800be20                        . = ALIGN (0x4)
                0x0800be20                        _etext = .

.vfp11_veneer   0x0800be20        0x0
 .vfp11_veneer  0x0800be20        0x0 linker stubs

.v4_bx          0x0800be20        0x0
 .v4_bx         0x0800be20        0x0 linker stubs

.iplt           0x0800be20        0x0
 .iplt          0x0800be20        0x0 C:/ST/STM32CubeIDE_1.19.0/STM32CubeIDE/plugins/com.st.stm32cube.ide.mcu.externaltools.gnu-tools-for-stm32.13.3.rel1.win32_1.0.0.202411081344/tools/bin/../lib/gcc/arm-none-eabi/13.3.1/thumb/v7e-m+fp/hard/crtbegin.o

.rodata         0x0800be20      0xa74
                0x0800be20                        . = ALIGN (0x4)
 *(.rodata)
 .rodata        0x0800be20       0x6e ./Core/Src/freertos.o
 *fill*         0x0800be8e        0x2 
 .rodata        0x0800be90        0x5 ./Middlewares/Third_Party/FreeRTOS/Source/tasks.o
 *fill*         0x0800be95        0x3 
 .rodata        0x0800be98        0xd ./Middlewares/Third_Party/FreeRTOS/Source/timers.o
 *fill*         0x0800bea5        0x3 
 .rodata        0x0800bea8       0x41 ./Middlewares/Third_Party/SEGGER/Config/SEGGER_SYSVIEW_Config_FreeRTOS.o
 *fill*         0x0800bee9        0x3 
 .rodata        0x0800beec       0x58 ./Middlewares/Third_Party/SEGGER/OS/SEGGER_SYSVIEW_FreeRTOS.o
 .rodata        0x0800bf44       0x17 ./Middlewares/Third_Party/SEGGER/SEGGER/SEGGER_RTT.o
 *fill*         0x0800bf5b        0x1 
 .rodata        0x0800bf5c        0x8 ./Middlewares/Third_Party/SEGGER/SEGGER/SEGGER_SYSVIEW.o
 *(.rodata*)
 .rodata.DataMutex_attributes
                0x0800bf64       0x10 ./Core/Src/freertos.o
                0x0800bf64                DataMutex_attributes
 .rodata.ButtonSem_attributes
                0x0800bf74       0x10 ./Core/Src/freertos.o
                0x0800bf74                ButtonSem_attributes
 .rodata.LedQueue_attributes
                0x0800bf84       0x18 ./Core/Src/freertos.o
                0x0800bf84                LedQueue_attributes
 .rodata.InputTask_attributes
                0x0800bf9c       0x24 ./Core/Src/freertos.o
                0x0800bf9c                InputTask_attributes
 .rodata.GameTask_attributes
                0x0800bfc0       0x24 ./Core/Src/freertos.o
                0x0800bfc0                GameTask_attributes
 .rodata.LedTask_attributes
                0x0800bfe4       0x24 ./Core/Src/freertos.o
                0x0800bfe4                LedTask_attributes
 .rodata.AHBPrescTable
                0x0800c008       0x10 ./Core/Src/system_stm32f4xx.o
                0x0800c008                AHBPrescTable
 .rodata.APBPrescTable
                0x0800c018        0x8 ./Core/Src/system_stm32f4xx.o
                0x0800c018                APBPrescTable
 .rodata.Font7x10
                0x0800c020      0x76c ./Drivers/OLED/ssd1306_fonts.o
 .rodata.Font_7x10
                0x0800c78c        0xc ./Drivers/OLED/ssd1306_fonts.o
                0x0800c78c                Font_7x10
 .rodata.flagBitshiftOffset.0
                0x0800c798        0x8 ./Drivers/STM32F4xx_HAL_Driver/Src/stm32f4xx_hal_dma.o
 .rodata.SYSVIEW_X_OS_TraceAPI
                0x0800c7a0        0x8 ./Middlewares/Third_Party/SEGGER/OS/SEGGER_SYSVIEW_FreeRTOS.o
                0x0800c7a0                SYSVIEW_X_OS_TraceAPI
 .rodata._abHelloMsg
                0x0800c7a8        0x4 ./Middlewares/Third_Party/SEGGER/Rec/HIF_UART.o
 .rodata._abSync
                0x0800c7ac        0xa ./Middlewares/Third_Party/SEGGER/SEGGER/SEGGER_SYSVIEW.o
 .rodata.srand.str1.1
                0x0800c7b6       0xde C:/ST/STM32CubeIDE_1.19.0/STM32CubeIDE/plugins/com.st.stm32cube.ide.mcu.externaltools.gnu-tools-for-stm32.13.3.rel1.win32_1.0.0.202411081344/tools/bin/../lib/gcc/arm-none-eabi/13.3.1/../../../../arm-none-eabi/lib/thumb/v7e-m+fp/hard\libc_nano.a(libc_a-rand.o)
                                 0x6f (size before relaxing)
 .rodata.__assert_func.str1.1
                0x0800c894       0x3d C:/ST/STM32CubeIDE_1.19.0/STM32CubeIDE/plugins/com.st.stm32cube.ide.mcu.externaltools.gnu-tools-for-stm32.13.3.rel1.win32_1.0.0.202411081344/tools/bin/../lib/gcc/arm-none-eabi/13.3.1/../../../../arm-none-eabi/lib/thumb/v7e-m+fp/hard\libc_nano.a(libc_a-assert.o)
 .rodata._svfprintf_r.str1.1
                0x0800c894       0x11 C:/ST/STM32CubeIDE_1.19.0/STM32CubeIDE/plugins/com.st.stm32cube.ide.mcu.externaltools.gnu-tools-for-stm32.13.3.rel1.win32_1.0.0.202411081344/tools/bin/../lib/gcc/arm-none-eabi/13.3.1/../../../../arm-none-eabi/lib/thumb/v7e-m+fp/hard\libc_nano.a(libc_a-nano-svfprintf.o)
 .rodata._printf_i.str1.1
                0x0800c894       0x22 C:/ST/STM32CubeIDE_1.19.0/STM32CubeIDE/plugins/com.st.stm32cube.ide.mcu.externaltools.gnu-tools-for-stm32.13.3.rel1.win32_1.0.0.202411081344/tools/bin/../lib/gcc/arm-none-eabi/13.3.1/../../../../arm-none-eabi/lib/thumb/v7e-m+fp/hard\libc_nano.a(libc_a-nano-vfprintf_i.o)
 .rodata._vfprintf_r.str1.1
                0x0800c894       0x11 C:/ST/STM32CubeIDE_1.19.0/STM32CubeIDE/plugins/com.st.stm32cube.ide.mcu.externaltools.gnu-tools-for-stm32.13.3.rel1.win32_1.0.0.202411081344/tools/bin/../lib/gcc/arm-none-eabi/13.3.1/../../../../arm-none-eabi/lib/thumb/v7e-m+fp/hard\libc_nano.a(libc_a-nano-vfprintf.o)
                0x0800c8d4                        . = ALIGN (0x4)

.ARM.extab      0x0800c894        0x0
                0x0800c894                        . = ALIGN (0x4)
 *(.ARM.extab* .gnu.linkonce.armextab.*)
                0x0800c894                        . = ALIGN (0x4)

.ARM            0x0800c894        0x8
                0x0800c894                        . = ALIGN (0x4)
                0x0800c894                        __exidx_start = .
 *(.ARM.exidx*)
 .ARM.exidx     0x0800c894        0x8 C:/ST/STM32CubeIDE_1.19.0/STM32CubeIDE/plugins/com.st.stm32cube.ide.mcu.externaltools.gnu-tools-for-stm32.13.3.rel1.win32_1.0.0.202411081344/tools/bin/../lib/gcc/arm-none-eabi/13.3.1/../../../../arm-none-eabi/lib/thumb/v7e-m+fp/hard\libc_nano.a(libc_a-memchr.o)
 .ARM.exidx     0x0800c89c        0x0 C:/ST/STM32CubeIDE_1.19.0/STM32CubeIDE/plugins/com.st.stm32cube.ide.mcu.externaltools.gnu-tools-for-stm32.13.3.rel1.win32_1.0.0.202411081344/tools/bin/../lib/gcc/arm-none-eabi/13.3.1/thumb/v7e-m+fp/hard\libgcc.a(_udivmoddi4.o)
                                  0x8 (size before relaxing)
                0x0800c89c                        __exidx_end = .
                0x0800c89c                        . = ALIGN (0x4)

.preinit_array  0x0800c89c        0x0
                0x0800c89c                        . = ALIGN (0x4)
                0x0800c89c                        PROVIDE (__preinit_array_start = .)
 *(.preinit_array*)
                0x0800c89c                        PROVIDE (__preinit_array_end = .)
                0x0800c89c                        . = ALIGN (0x4)

.init_array     0x0800c89c        0x4
                0x0800c89c                        . = ALIGN (0x4)
                0x0800c89c                        PROVIDE (__init_array_start = .)
 *(SORT_BY_NAME(.init_array.*))
 *(.init_array*)
 .init_array    0x0800c89c        0x4 C:/ST/STM32CubeIDE_1.19.0/STM32CubeIDE/plugins/com.st.stm32cube.ide.mcu.externaltools.gnu-tools-for-stm32.13.3.rel1.win32_1.0.0.202411081344/tools/bin/../lib/gcc/arm-none-eabi/13.3.1/thumb/v7e-m+fp/hard/crtbegin.o
                0x0800c8a0                        PROVIDE (__init_array_end = .)
                0x0800c8a0                        . = ALIGN (0x4)

.fini_array     0x0800c8a0        0x4
                0x0800c8a0                        . = ALIGN (0x4)
                [!provide]                        PROVIDE (__fini_array_start = .)
 *(SORT_BY_NAME(.fini_array.*))
 *(.fini_array*)
 .fini_array    0x0800c8a0        0x4 C:/ST/STM32CubeIDE_1.19.0/STM32CubeIDE/plugins/com.st.stm32cube.ide.mcu.externaltools.gnu-tools-for-stm32.13.3.rel1.win32_1.0.0.202411081344/tools/bin/../lib/gcc/arm-none-eabi/13.3.1/thumb/v7e-m+fp/hard/crtbegin.o
                [!provide]                        PROVIDE (__fini_array_end = .)
                0x0800c8a4                        . = ALIGN (0x4)
                0x0800c8a4                        _sidata = LOADADDR (.data)

.rel.dyn        0x0800c8a4        0x0
 .rel.iplt      0x0800c8a4        0x0 C:/ST/STM32CubeIDE_1.19.0/STM32CubeIDE/plugins/com.st.stm32cube.ide.mcu.externaltools.gnu-tools-for-stm32.13.3.rel1.win32_1.0.0.202411081344/tools/bin/../lib/gcc/arm-none-eabi/13.3.1/thumb/v7e-m+fp/hard/crtbegin.o

.data           0x20000000       0x7c load address 0x0800c8a4
                0x20000000                        . = ALIGN (0x4)
                0x20000000                        _sdata = .
 *(.data)
 *(.data*)
 .data.public_joy_data
                0x20000000        0x6 ./Core/Src/freertos.o
                0x20000000                public_joy_data
 *fill*         0x20000006        0x2 
 .data.SystemCoreClock
                0x20000008        0x4 ./Core/Src/system_stm32f4xx.o
                0x20000008                SystemCoreClock
 .data.uwTickPrio
                0x2000000c        0x4 ./Drivers/STM32F4xx_HAL_Driver/Src/stm32f4xx_hal.o
                0x2000000c                uwTickPrio
 .data.uwTickFreq
                0x20000010        0x1 ./Drivers/STM32F4xx_HAL_Driver/Src/stm32f4xx_hal.o
                0x20000010                uwTickFreq
 *fill*         0x20000011        0x3 
 .data.uxCriticalNesting
                0x20000014        0x4 ./Middlewares/Third_Party/FreeRTOS/Source/portable/GCC/ARM_CM4F/port.o
 .data._SVInfo  0x20000018        0x8 ./Middlewares/Third_Party/SEGGER/Rec/HIF_UART.o
 .data.__sglue  0x20000020        0xc C:/ST/STM32CubeIDE_1.19.0/STM32CubeIDE/plugins/com.st.stm32cube.ide.mcu.externaltools.gnu-tools-for-stm32.13.3.rel1.win32_1.0.0.202411081344/tools/bin/../lib/gcc/arm-none-eabi/13.3.1/../../../../arm-none-eabi/lib/thumb/v7e-m+fp/hard\libc_nano.a(libc_a-findfp.o)
                0x20000020                __sglue
 .data._impure_ptr
                0x2000002c        0x4 C:/ST/STM32CubeIDE_1.19.0/STM32CubeIDE/plugins/com.st.stm32cube.ide.mcu.externaltools.gnu-tools-for-stm32.13.3.rel1.win32_1.0.0.202411081344/tools/bin/../lib/gcc/arm-none-eabi/13.3.1/../../../../arm-none-eabi/lib/thumb/v7e-m+fp/hard\libc_nano.a(libc_a-impure.o)
                0x2000002c                _impure_ptr
 .data._impure_data
                0x20000030       0x4c C:/ST/STM32CubeIDE_1.19.0/STM32CubeIDE/plugins/com.st.stm32cube.ide.mcu.externaltools.gnu-tools-for-stm32.13.3.rel1.win32_1.0.0.202411081344/tools/bin/../lib/gcc/arm-none-eabi/13.3.1/../../../../arm-none-eabi/lib/thumb/v7e-m+fp/hard\libc_nano.a(libc_a-impure.o)
                0x20000030                _impure_data
 *(.RamFunc)
 *(.RamFunc*)
                0x2000007c                        . = ALIGN (0x4)
                0x2000007c                        _edata = .

.igot.plt       0x2000007c        0x0 load address 0x0800c920
 .igot.plt      0x2000007c        0x0 C:/ST/STM32CubeIDE_1.19.0/STM32CubeIDE/plugins/com.st.stm32cube.ide.mcu.externaltools.gnu-tools-for-stm32.13.3.rel1.win32_1.0.0.202411081344/tools/bin/../lib/gcc/arm-none-eabi/13.3.1/thumb/v7e-m+fp/hard/crtbegin.o
                0x2000007c                        . = ALIGN (0x4)

.bss            0x2000007c     0x66ac load address 0x0800c920
                0x2000007c                        _sbss = .
                0x2000007c                        __bss_start__ = _sbss
 *(.bss)
 .bss           0x2000007c       0x1c C:/ST/STM32CubeIDE_1.19.0/STM32CubeIDE/plugins/com.st.stm32cube.ide.mcu.externaltools.gnu-tools-for-stm32.13.3.rel1.win32_1.0.0.202411081344/tools/bin/../lib/gcc/arm-none-eabi/13.3.1/thumb/v7e-m+fp/hard/crtbegin.o
 *(.bss*)
 .bss.hadc1     0x20000098       0x48 ./Core/Src/adc.o
                0x20000098                hadc1
 .bss.hdma_adc1
                0x200000e0       0x60 ./Core/Src/adc.o
                0x200000e0                hdma_adc1
 .bss.current_state
                0x20000140        0x1 ./Core/Src/freertos.o
                0x20000140                current_state
 *fill*         0x20000141        0x3 
 .bss.DataMutexHandle
                0x20000144        0x4 ./Core/Src/freertos.o
                0x20000144                DataMutexHandle
 .bss.ButtonSemHandle
                0x20000148        0x4 ./Core/Src/freertos.o
                0x20000148                ButtonSemHandle
 .bss.LedQueueHandle
                0x2000014c        0x4 ./Core/Src/freertos.o
                0x2000014c                LedQueueHandle
 .bss.InputTaskHandle
                0x20000150        0x4 ./Core/Src/freertos.o
                0x20000150                InputTaskHandle
 .bss.GameTaskHandle
                0x20000154        0x4 ./Core/Src/freertos.o
                0x20000154                GameTaskHandle
 .bss.LedTaskHandle
                0x20000158        0x4 ./Core/Src/freertos.o
                0x20000158                LedTaskHandle
 .bss.hi2c1     0x2000015c       0x54 ./Core/Src/i2c.o
                0x2000015c                hi2c1
 .bss.adcValues
                0x200001b0        0x4 ./Core/Src/main.o
                0x200001b0                adcValues
 .bss.__sbrk_heap_end
                0x200001b4        0x4 ./Core/Src/sysmem.o
 .bss.huart2    0x200001b8       0x48 ./Core/Src/usart.o
                0x200001b8                huart2
 .bss.SSD1306_Buffer
                0x20000200      0x400 ./Drivers/OLED/ssd1306.o
 .bss.SSD1306   0x20000600        0x6 ./Drivers/OLED/ssd1306.o
 *fill*         0x20000606        0x2 
 .bss.uwTick    0x20000608        0x4 ./Drivers/STM32F4xx_HAL_Driver/Src/stm32f4xx_hal.o
                0x20000608                uwTick
 .bss.KernelState
                0x2000060c        0x4 ./Middlewares/Third_Party/FreeRTOS/Source/CMSIS_RTOS_V2/cmsis_os2.o
 .bss.Idle_TCB.3
                0x20000610       0x5c ./Middlewares/Third_Party/FreeRTOS/Source/CMSIS_RTOS_V2/cmsis_os2.o
 .bss.Idle_Stack.2
                0x2000066c      0x200 ./Middlewares/Third_Party/FreeRTOS/Source/CMSIS_RTOS_V2/cmsis_os2.o
 .bss.Timer_TCB.1